Archive member included because of file (symbol)

c:/winavr-20100110/bin/../lib/gcc/avr/4.3.3/avr6\libgcc.a(_mulsi3.o)
                              ./lib/FlashFileSystem.o (__mulsi3)
c:/winavr-20100110/bin/../lib/gcc/avr/4.3.3/avr6\libgcc.a(_udivmodqi4.o)
                              ./lib/HersheyFonts.o (__udivmodqi4)
c:/winavr-20100110/bin/../lib/gcc/avr/4.3.3/avr6\libgcc.a(_udivmodhi4.o)
                              ./lib/touchscreen.o (__udivmodhi4)
c:/winavr-20100110/bin/../lib/gcc/avr/4.3.3/avr6\libgcc.a(_divmodhi4.o)
                              ./tetrominos/Tetromino.o (__divmodhi4)
c:/winavr-20100110/bin/../lib/gcc/avr/4.3.3/avr6\libgcc.a(_udivmodsi4.o)
                              ./lib/HardwareSerial.o (__udivmodsi4)
c:/winavr-20100110/bin/../lib/gcc/avr/4.3.3/avr6\libgcc.a(_divmodsi4.o)
                              ./lib/FlashFileSystem.o (__divmodsi4)
c:/winavr-20100110/bin/../lib/gcc/avr/4.3.3/avr6\libgcc.a(_exit.o)
                              c:/winavr-20100110/bin/../lib/gcc/avr/4.3.3/../../../../avr/lib/avr6/crtm2560.o (exit)
c:/winavr-20100110/bin/../lib/gcc/avr/4.3.3/avr6\libgcc.a(_clear_bss.o)
                              ./lib/FlashFileSystem.o (__do_clear_bss)
c:/winavr-20100110/bin/../lib/gcc/avr/4.3.3/avr6\libgcc.a(_ctors.o)
                              ./lib/HardwareSerial.o (__do_global_ctors)
c:/winavr-20100110/bin/../lib/gcc/avr/4.3.3/avr6\libgcc.a(_fixunssfsi.o)
                              ./screens/Screen.o (__fixunssfsi)
c:/winavr-20100110/bin/../lib/gcc/avr/4.3.3/avr6\libgcc.a(_addsub_sf.o)
                              ./lib/Print.o (__subsf3)
c:/winavr-20100110/bin/../lib/gcc/avr/4.3.3/avr6\libgcc.a(_mul_sf.o)
                              ./screens/Screen.o (__mulsf3)
c:/winavr-20100110/bin/../lib/gcc/avr/4.3.3/avr6\libgcc.a(_div_sf.o)
                              ./lib/Print.o (__divsf3)
c:/winavr-20100110/bin/../lib/gcc/avr/4.3.3/avr6\libgcc.a(_gt_sf.o)
                              ./screens/Screen.o (__gtsf2)
c:/winavr-20100110/bin/../lib/gcc/avr/4.3.3/avr6\libgcc.a(_ge_sf.o)
                              ./lib/SubPGraphics.o (__gesf2)
c:/winavr-20100110/bin/../lib/gcc/avr/4.3.3/avr6\libgcc.a(_lt_sf.o)
                              ./screens/Screen.o (__ltsf2)
c:/winavr-20100110/bin/../lib/gcc/avr/4.3.3/avr6\libgcc.a(_le_sf.o)
                              ./lib/SubPGraphics.o (__lesf2)
c:/winavr-20100110/bin/../lib/gcc/avr/4.3.3/avr6\libgcc.a(_si_to_sf.o)
                              ./lib/Print.o (__floatsisf)
c:/winavr-20100110/bin/../lib/gcc/avr/4.3.3/avr6\libgcc.a(_sf_to_si.o)
                              ./lib/Print.o (__fixsfsi)
c:/winavr-20100110/bin/../lib/gcc/avr/4.3.3/avr6\libgcc.a(_thenan_sf.o)
                              c:/winavr-20100110/bin/../lib/gcc/avr/4.3.3/avr6\libgcc.a(_addsub_sf.o) (__thenan_sf)
c:/winavr-20100110/bin/../lib/gcc/avr/4.3.3/avr6\libgcc.a(_usi_to_sf.o)
                              ./lib/Print.o (__floatunsisf)
c:/winavr-20100110/bin/../lib/gcc/avr/4.3.3/avr6\libgcc.a(_prologue.o)
                              c:/winavr-20100110/bin/../lib/gcc/avr/4.3.3/avr6\libgcc.a(_addsub_sf.o) (__prologue_saves__)
c:/winavr-20100110/bin/../lib/gcc/avr/4.3.3/avr6\libgcc.a(_epilogue.o)
                              c:/winavr-20100110/bin/../lib/gcc/avr/4.3.3/avr6\libgcc.a(_addsub_sf.o) (__epilogue_restores__)
c:/winavr-20100110/bin/../lib/gcc/avr/4.3.3/avr6\libgcc.a(_tablejump.o)
                              c:/winavr-20100110/bin/../lib/gcc/avr/4.3.3/avr6\libgcc.a(_ctors.o) (__tablejump__)
c:/winavr-20100110/bin/../lib/gcc/avr/4.3.3/avr6\libgcc.a(_clzsi2.o)
                              c:/winavr-20100110/bin/../lib/gcc/avr/4.3.3/avr6\libgcc.a(_si_to_sf.o) (__clzsi2)
c:/winavr-20100110/bin/../lib/gcc/avr/4.3.3/avr6\libgcc.a(_pack_sf.o)
                              c:/winavr-20100110/bin/../lib/gcc/avr/4.3.3/avr6\libgcc.a(_addsub_sf.o) (__pack_f)
c:/winavr-20100110/bin/../lib/gcc/avr/4.3.3/avr6\libgcc.a(_unpack_sf.o)
                              c:/winavr-20100110/bin/../lib/gcc/avr/4.3.3/avr6\libgcc.a(_addsub_sf.o) (__unpack_f)
c:/winavr-20100110/bin/../lib/gcc/avr/4.3.3/avr6\libgcc.a(_fpcmp_parts_sf.o)
                              c:/winavr-20100110/bin/../lib/gcc/avr/4.3.3/avr6\libgcc.a(_gt_sf.o) (__fpcmp_parts_f)
c:/winavr-20100110/bin/../lib/gcc/avr/4.3.3/avr6\libgcc.a(_clz.o)
                              c:/winavr-20100110/bin/../lib/gcc/avr/4.3.3/avr6\libgcc.a(_clzsi2.o) (__clz_tab)
c:/winavr-20100110/bin/../lib/gcc/avr/4.3.3/../../../../avr/lib/avr6\libm.a(cos.o)
                              ./lib/SubPGraphics.o (cos)
c:/winavr-20100110/bin/../lib/gcc/avr/4.3.3/../../../../avr/lib/avr6\libm.a(fp_rempio2.o)
                              c:/winavr-20100110/bin/../lib/gcc/avr/4.3.3/../../../../avr/lib/avr6\libm.a(cos.o) (__fp_rempio2)
c:/winavr-20100110/bin/../lib/gcc/avr/4.3.3/../../../../avr/lib/avr6\libm.a(fp_sinus.o)
[...]
Memory Configuration

Name             Origin             Length             Attributes
text             0x00000000         0x00100000         xr
data             0x00800200         0x0000fe00         rw !x
eeprom           0x00810000         0x00010000         rw !x
fuse             0x00820000         0x00000400         rw !x
lock             0x00830000         0x00000400         rw !x
signature        0x00840000         0x00000400         rw !x
*default*        0x00000000         0xffffffff

Linker script and memory map

Address of section .data set to 0x800200
LOAD c:/winavr-20100110/bin/../lib/gcc/avr/4.3.3/../../../../avr/lib/avr6/crtm2560.o
LOAD ./utils/CPlusPlusUtilities.o
LOAD ./utils/Math.o
LOAD ./tetrominos/LBlock.o
LOAD ./tetrominos/LineBlock.o
LOAD ./tetrominos/ReverseLBlock.o
LOAD ./tetrominos/ReverseSBlock.o
LOAD ./tetrominos/SBlock.o
LOAD ./tetrominos/Square.o
LOAD ./tetrominos/TBlock.o
LOAD ./tetrominos/Tetromino.o
LOAD ./screens/GameOverScreen.o
LOAD ./screens/LandingScreen.o
LOAD ./screens/NameEntryScreen.o
LOAD ./screens/PlayScreen.o
LOAD ./screens/Screen.o
LOAD ./lib/FlashFileSystem.o
LOAD ./lib/HardwareSerial.o
LOAD ./lib/HersheyCyrillic.o
LOAD ./lib/HersheyFonts.o
LOAD ./lib/HersheyGothic.o
LOAD ./lib/HersheyGreek.o
LOAD ./lib/HersheyRowman.o
LOAD ./lib/HersheyScript.o
LOAD ./lib/HersheySymbols.o
LOAD ./lib/HersheyTimes.o
LOAD ./lib/Keyboard.o
LOAD ./lib/Print.o
LOAD ./lib/SubPGraphics.o
LOAD ./lib/WRandom.o
LOAD ./lib/bmp.o
LOAD ./lib/calibrate.o
LOAD ./lib/dataflash.o
LOAD ./lib/font.o
LOAD ./lib/graphics.o
LOAD ./lib/image_interface.o
LOAD ./lib/oled_slide.o
LOAD ./lib/oled_stealth.o
LOAD ./lib/startup.o
LOAD ./lib/touchscreen.o
LOAD ./lib/usart.o
LOAD ./lib/wiring.o
LOAD ./lib/wiring_analog.o
LOAD ./lib/wiring_digital.o
LOAD ./lib/wiring_serial.o
LOAD ./layout/blocks/BlockDrawingFunctions.o
LOAD ./layout/blocks/GridBlock.o
LOAD ./layout/BackgroundDrawingFunctions.o
LOAD ./layout/Grid.o
LOAD ./controls/keyboard/NameEntryBox.o
LOAD ./controls/keyboard/OnScreenKey.o
LOAD ./controls/keyboard/OnScreenKeyboard.o
LOAD ./controls/InputShield.o
LOAD ./controller/GridMaster.o
LOAD ./controller/StatsMaster.o
LOAD ./controller/TetrominoGenerator.o
LOAD ./Tetris.o
LOAD c:/winavr-20100110/bin/../lib/gcc/avr/4.3.3/avr6\libgcc.a
LOAD c:/winavr-20100110/bin/../lib/gcc/avr/4.3.3/../../../../avr/lib/avr6\libm.a
LOAD c:/winavr-20100110/bin/../lib/gcc/avr/4.3.3/avr6\libgcc.a
LOAD c:/winavr-20100110/bin/../lib/gcc/avr/4.3.3/../../../../avr/lib/avr6\libc.a
LOAD c:/winavr-20100110/bin/../lib/gcc/avr/4.3.3/avr6\libgcc.a

.hash
 *(.hash)

.dynsym
 *(.dynsym)

.dynstr
 *(.dynstr)

.gnu.version
 *(.gnu.version)

.gnu.version_d
 *(.gnu.version_d)

.gnu.version_r
 *(.gnu.version_r)

.rel.init
 *(.rel.init)

.rela.init
 *(.rela.init)

.rel.text
 *(.rel.text)
 *(.rel.text.*)
 *(.rel.gnu.linkonce.t*)

.rela.text
 *(.rela.text)
 *(.rela.text.*)
 *(.rela.gnu.linkonce.t*)

.rel.fini
 *(.rel.fini)

.rela.fini
 *(.rela.fini)

.rel.rodata
 *(.rel.rodata)
 *(.rel.rodata.*)
 *(.rel.gnu.linkonce.r*)

.rela.rodata
 *(.rela.rodata)
 *(.rela.rodata.*)
 *(.rela.gnu.linkonce.r*)

.rel.data
 *(.rel.data)
 *(.rel.data.*)
 *(.rel.gnu.linkonce.d*)

.rela.data
 *(.rela.data)
 *(.rela.data.*)
 *(.rela.gnu.linkonce.d*)

.rel.ctors
 *(.rel.ctors)

.rela.ctors
 *(.rela.ctors)

.rel.dtors
 *(.rel.dtors)

.rela.dtors
 *(.rela.dtors)

.rel.got
 *(.rel.got)

.rela.got
 *(.rela.got)

.rel.bss
 *(.rel.bss)

.rela.bss
 *(.rela.bss)

.rel.plt
 *(.rel.plt)

.rela.plt
 *(.rela.plt)

.text           0x00000000    0x29006
 *(.vectors)
 .vectors       0x00000000       0xe4 c:/winavr-20100110/bin/../lib/gcc/avr/4.3.3/../../../../avr/lib/avr6/crtm2560.o
                0x00000000                __vectors
                0x00000000                __vector_default
 *(.vectors)
 *(.progmem.gcc*)
 .progmem.gcc_fplib
                0x000000e4       0x1e c:/winavr-20100110/bin/../lib/gcc/avr/4.3.3/../../../../avr/lib/avr6\libm.a(fp_sinus.o)
 *(.progmem*)
 .progmem.data  0x00000102      0xbe7 ./lib/HersheyFonts.o
                0x0000045b                gHersheyDefault_3D
                0x000003a4                gHersheyDefault_38
                0x00000395                gHersheyDefault_37
                0x00000c24                gHersheyDefault_80
                0x0000013b                gHersheyDefault_23
                0x00000156                gHersheyDefault_24
                0x000007fe                gHersheyDefault_5E
                0x000006b1                gHersheyDefault_51
                0x00000579                gHersheyDefault_45
                0x00000ba8                gHersheyDefault_7E
                0x0000027e                gHersheyDefault_2C
                0x0000092c                gHersheyDefault_68
                0x0000052d                gHersheyDefault_43
                0x00000431                gHersheyDefault_3B
                0x00000112                gHersheyDefault_20
                0x000007bf                gHersheyDefault_5B
                0x000004a2                gHersheyDefault_40
                0x0000078a                gHersheyDefault_58
                0x00000760                gHersheyDefault_56
                0x00000747                gHersheyDefault_55
                0x000009fc                gHersheyDefault_70
                0x000005da                gHersheyDefault_48
                0x00000307                gHersheyDefault_33
                0x00000ab4                gHersheyDefault_76
                0x0000025a                gHersheyDefault_2A
                0x00000475                gHersheyDefault_3F
                0x000009bc                gHersheyDefault_6E
                0x00000829                gHersheyDefault_61
                0x00000877                gHersheyDefault_63
                0x00000ade                gHersheyDefault_78
                0x0000033b                gHersheyDefault_35
                0x00000663                gHersheyDefault_4F
                0x00000611                gHersheyDefault_4B
                0x00000228                gHersheyDefault_28
                0x0000046a                gHersheyDefault_3E
                0x0000018f                gHersheyDefault_25
                0x00000626                gHersheyDefault_4C
                0x00000b19                gHersheyDefault_7B
                0x000008e6                gHersheyDefault_66
                0x00000594                gHersheyDefault_46
                0x000007e3                gHersheyDefault_5D
                0x0000029a                gHersheyDefault_2E
                0x0000026f                gHersheyDefault_2B
                0x00000993                gHersheyDefault_6D
                0x0000070b                gHersheyDefault_53
                0x000004e5                gHersheyDefault_41
                0x00000799                gHersheyDefault_59
                0x000007da                gHersheyDefault_5C
                0x00000102                gHersheyDefault_00
                0x000007aa                gHersheyDefault_5A
                0x00000215                gHersheyDefault_27
                0x000002d9                gHersheyDefault_31
                0x00000a23                gHersheyDefault_71
                0x00000b5c                gHersheyDefault_7C
                0x00000c27                gHershyFontTable
                0x00000a86                gHersheyDefault_74
                0x000005ef                gHersheyDefault_49
                0x000005a9                gHersheyDefault_47
                0x0000095a                gHersheyDefault_6A
                0x000009d5                gHersheyDefault_6F
                0x00000898                gHersheyDefault_64
                0x000003e3                gHersheyDefault_39
                0x00000241                gHersheyDefault_29
                0x00000816                gHersheyDefault_60
                0x0000032a                gHersheyDefault_34
                0x00000aed                gHersheyDefault_79
                0x00000ac3                gHersheyDefault_77
                0x00000362                gHersheyDefault_36
                0x0000080d                gHersheyDefault_5F
                0x0000064e                gHersheyDefault_4E
                0x0000012c                gHersheyDefault_22
                0x000005f8                gHersheyDefault_4A
                0x00000556                gHersheyDefault_44
                0x00000bdb                gHersheyDefault_7F
                0x00000450                gHersheyDefault_3C
                0x00000692                gHersheyDefault_50
                0x00000633                gHersheyDefault_4D
                0x00000117                gHersheyDefault_21
                0x00000b04                gHersheyDefault_7A
                0x000008fb                gHersheyDefault_67
                0x000008bf                gHersheyDefault_65
                0x0000076f                gHersheyDefault_57
                0x000002a9                gHersheyDefault_2F
                0x000004fa                gHersheyDefault_42
                0x00000291                gHersheyDefault_2D
                0x0000098a                gHersheyDefault_6C
                0x00000738                gHersheyDefault_54
                0x000006e6                gHersheyDefault_52
                0x00000945                gHersheyDefault_69
                0x00000b65                gHersheyDefault_7D
                0x000002e6                gHersheyDefault_32
                0x00000a4a                gHersheyDefault_72
                0x00000a9b                gHersheyDefault_75
                0x00000416                gHersheyDefault_3A
                0x00000850                gHersheyDefault_62
                0x000001d2                gHersheyDefault_26
                0x00000975                gHersheyDefault_6B
                0x00000a5f                gHersheyDefault_73
                0x000002b2                gHersheyDefault_30
 .progmem.data  0x00000ce9     0x222d ./lib/HersheyRowman.o
                0x00001e07                gRowmanTri_51
                0x00000f0e                gRowmanTri_28
                0x000013be                gRowmanTri_38
                0x00001365                gRowmanTri_37
                0x00002776                gRowmanTri_6C
                0x0000105d                gRowmanTri_2F
                0x00002292                gRowmanTri_5E
                0x00001cce                gRowmanTri_4E
                0x00002c8b                gRowmanTri_79
                0x000012d8                gRowmanTri_36
                0x00002b02                gRowmanTri_74
                0x000010d7                gRowmanTri_31
                0x000023fe                gRowmanTri_64
                0x0000145f                gRowmanTri_39
                0x00002964                gRowmanTri_70
                0x00002e15                gRowmanTri_7F
                0x00001582                gRowmanTri_3C
                0x000029df                gRowmanTri_71
                0x00002aa9                gRowmanTri_73
                0x00001070                gRowmanTri_30
                0x000017d0                gRowmanTri_44
                0x000027b7                gRowmanTri_6D
                0x0000219b                gRowmanTri_59
                0x0000212c                gRowmanTri_58
                0x000024be                gRowmanTri_66
                0x00000cfd                gRowmanTri_21
                0x0000158d                gRowmanTri_3D
                0x00001ea4                gRowmanTri_52
                0x00000f47                gRowmanTri_29
                0x00002d33                gRowmanTri_7B
                0x00001c4d                gRowmanTri_4D
                0x00002277                gRowmanTri_5D
                0x00001699                gRowmanTri_41
                0x00002511                gRowmanTri_67
                0x00000d44                gRowmanTri_22
                0x00000e44                gRowmanTri_26
                0x00002b8a                gRowmanTri_76
                0x00001191                gRowmanTri_33
                0x000022e7                gRowmanTri_61
                0x00001af8                gRowmanTri_4A
                0x00002356                gRowmanTri_62
                0x00002e54                gHershyRowmanTriplexFontTable
                0x00001987                gRowmanTri_47
                0x00001783                gRowmanTri_43
                0x00000fd1                gRowmanTri_2B
                0x00002d8f                gRowmanTri_7D
                0x000014ec                gRowmanTri_3A
                0x000025c6                gRowmanTri_68
                0x00000d73                gRowmanTri_23
                0x000015bb                gRowmanTri_3F
                0x00001626                gRowmanTri_40
                0x00001fa2                gRowmanTri_54
                0x00001a02                gRowmanTri_48
                0x000021fe                gRowmanTri_5A
                0x00001b55                gRowmanTri_4B
                0x00002c28                gRowmanTri_78
                0x00001267                gRowmanTri_35
                0x00000e01                gRowmanTri_25
                0x0000103a                gRowmanTri_2E
                0x000018f8                gRowmanTri_46
                0x00002253                gRowmanTri_5B
                0x00002905                gRowmanTri_6F
                0x00000f80                gRowmanTri_2A
                0x00002017                gRowmanTri_55
                0x000023b7                gRowmanTri_63
                0x000026a4                gRowmanTri_6A
                0x0000184f                gRowmanTri_45
                0x000015b0                gRowmanTri_3E
                0x00002880                gRowmanTri_6E
                0x00001f47                gRowmanTri_53
                0x00002d86                gRowmanTri_7C
                0x000016e4                gRowmanTri_42
                0x00002074                gRowmanTri_56
                0x00001d1f                gRowmanTri_4F
                0x00002cde                gRowmanTri_7A
                0x00001d8e                gRowmanTri_50
                0x00001aa7                gRowmanTri_49
                0x0000264b                gRowmanTri_69
                0x00000d8e                gRowmanTri_24
                0x0000226e                gRowmanTri_5C
                0x00001be2                gRowmanTri_4C
                0x00002bcb                gRowmanTri_77
                0x0000122c                gRowmanTri_34
                0x000022ab                gRowmanTri_5F
                0x00000ff4                gRowmanTri_2C
                0x00002b31                gRowmanTri_75
                0x00001112                gRowmanTri_32
                0x000020bb                gRowmanTri_57
                0x000022b4                gRowmanTri_60
                0x00002469                gRowmanTri_65
                0x00000cf8                gRowmanTri_20
                0x00001027                gRowmanTri_2D
                0x000026f9                gRowmanTri_6B
                0x00000edb                gRowmanTri_27
                0x00002a50                gRowmanTri_72
                0x00000ce9                gRowmanTri_00
                0x00002de2                gRowmanTri_7E
                0x0000152f                gRowmanTri_3B
 .progmem.data  0x00002f16       0x11 ./lib/SubPGraphics.o
                0x00002f16                g7SegmentDisplay
 .progmem.data  0x00002f27     0x1e42 ./lib/font.o
                0x00004a79                gFont_5x7
                0x00002f27                gXLarge_nums
                0x00004823                gLarge_nums
 .progmem.data  0x00004d69      0xb38 ./lib/startup.o
                0x00004d69                gLWstartupLogo
 .progmem.data  0x000058a1       0xfa c:/winavr-20100110/bin/../lib/gcc/avr/4.3.3/../../../../avr/lib/avr6\libc.a(ftoa_engine.o)
                0x0000599c                . = ALIGN (0x2)
 *fill*         0x0000599b        0x1 00
                0x0000599c                __trampolines_start = .
 *(.trampolines)
 .trampolines   0x0000599c       0x78 linker stubs
 *(.trampolines*)
                0x00005a14                __trampolines_end = .
 *(.jumptables)
 *(.jumptables*)
 *(.lowtext)
 *(.lowtext*)
                0x00005a14                __ctors_start = .
 *(.ctors)
 .ctors         0x00005a14        0x2 ./lib/HardwareSerial.o
 .ctors         0x00005a16        0x2 ./lib/SubPGraphics.o
                0x00005a18                __ctors_end = .
                0x00005a18                __dtors_start = .
 *(.dtors)
                0x00005a18                __dtors_end = .
 SORT(*)(.ctors)
 SORT(*)(.dtors)
 *(.init0)
 .init0         0x00005a18        0x0 c:/winavr-20100110/bin/../lib/gcc/avr/4.3.3/../../../../avr/lib/avr6/crtm2560.o
                0x00005a18                __init
 *(.init0)
 *(.init1)
 *(.init1)
 *(.init2)
 .init2         0x00005a18       0x10 c:/winavr-20100110/bin/../lib/gcc/avr/4.3.3/../../../../avr/lib/avr6/crtm2560.o
 *(.init2)
 *(.init3)
 *(.init3)
 *(.init4)
 .init4         0x00005a28       0x1a c:/winavr-20100110/bin/../lib/gcc/avr/4.3.3/../../../../avr/lib/avr6/crtm2560.o
                0x00005a28                __do_copy_data
 .init4         0x00005a42       0x10 c:/winavr-20100110/bin/../lib/gcc/avr/4.3.3/avr6\libgcc.a(_clear_bss.o)
                0x00005a42                __do_clear_bss
 *(.init4)
 *(.init5)
 *(.init5)
 *(.init6)
 .init6         0x00005a52       0x16 c:/winavr-20100110/bin/../lib/gcc/avr/4.3.3/avr6\libgcc.a(_ctors.o)
                0x00005a52                __do_global_ctors
 *(.init6)
 *(.init7)
 *(.init7)
 *(.init8)
 *(.init8)
 *(.init9)
 .init9         0x00005a68        0x8 c:/winavr-20100110/bin/../lib/gcc/avr/4.3.3/../../../../avr/lib/avr6/crtm2560.o
 *(.init9)
 *(.text)
 .text          0x00005a70        0x4 c:/winavr-20100110/bin/../lib/gcc/avr/4.3.3/../../../../avr/lib/avr6/crtm2560.o
                0x00005a70                __vector_38
                0x00005a70                __vector_22
                0x00005a70                __vector_28
                0x00005a70                __vector_1
                0x00005a70                __vector_32
                0x00005a70                __vector_34
                0x00005a70                __vector_24
                0x00005a70                __vector_12
                0x00005a70                __vector_55
                0x00005a70                __vector_46
                0x00005a70                __bad_interrupt
                0x00005a70                __vector_6
                0x00005a70                __vector_31
                0x00005a70                __vector_35
                0x00005a70                __vector_39
                0x00005a70                __vector_3
                0x00005a70                __vector_30
                0x00005a70                __vector_45
                0x00005a70                __vector_25
                0x00005a70                __vector_11
                0x00005a70                __vector_54
                0x00005a70                __vector_13
                0x00005a70                __vector_17
                0x00005a70                __vector_19
                0x00005a70                __vector_56
                0x00005a70                __vector_7
                0x00005a70                __vector_49
                0x00005a70                __vector_41
                0x00005a70                __vector_43
                0x00005a70                __vector_27
                0x00005a70                __vector_5
                0x00005a70                __vector_33
                0x00005a70                __vector_47
                0x00005a70                __vector_52
                0x00005a70                __vector_37
                0x00005a70                __vector_4
                0x00005a70                __vector_44
                0x00005a70                __vector_51
                0x00005a70                __vector_9
                0x00005a70                __vector_2
                0x00005a70                __vector_21
                0x00005a70                __vector_15
                0x00005a70                __vector_29
                0x00005a70                __vector_40
                0x00005a70                __vector_8
                0x00005a70                __vector_26
                0x00005a70                __vector_48
                0x00005a70                __vector_14
                0x00005a70                __vector_53
                0x00005a70                __vector_10
                0x00005a70                __vector_50
                0x00005a70                __vector_16
                0x00005a70                __vector_18
                0x00005a70                __vector_20
                0x00005a70                __vector_42
 .text          0x00005a74       0x88 ./utils/CPlusPlusUtilities.o
                0x00005ab8                operator new[](unsigned int)
                0x00005a96                operator delete(void*)
                0x00005a74                operator delete[](void*)
                0x00005ada                operator new(unsigned int)
 .text          0x00005afc       0x94 ./utils/Math.o
                0x00005b46                min(int, int)
                0x00005afc                max(int, int)
 .text          0x00005b90      0xc52 ./tetrominos/LBlock.o
                0x00005b90                Coordinate::Coordinate()
                0x00005c48                LBlock::~LBlock()
                0x00005c86                LBlock::~LBlock()
                0x00005d02                LBlock::LBlock(unsigned char, Coordinate)
                0x00006272                LBlock::LBlock(unsigned char, Coordinate)
                0x00005baa                Coordinate::Coordinate(short, short)
                0x00005cc4                LBlock::~LBlock()
 .text          0x000067e2      0xc66 ./tetrominos/LineBlock.o
                0x00006916                LineBlock::~LineBlock()
                0x00006ece                LineBlock::LineBlock(unsigned char, Coordinate)
                0x0000689a                LineBlock::~LineBlock()
                0x000068d8                LineBlock::~LineBlock()
                0x00006954                LineBlock::LineBlock(unsigned char, Coordinate)
 .text          0x00007448      0xc5e ./tetrominos/ReverseLBlock.o
                0x00007b30                ReverseLBlock::ReverseLBlock(unsigned char, Coordinate)
                0x0000757c                ReverseLBlock::~ReverseLBlock()
                0x00007500                ReverseLBlock::~ReverseLBlock()
                0x0000753e                ReverseLBlock::~ReverseLBlock()
                0x000075ba                ReverseLBlock::ReverseLBlock(unsigned char, Coordinate)
 .text          0x000080a6      0xc5e ./tetrominos/ReverseSBlock.o
                0x00008218                ReverseSBlock::ReverseSBlock(unsigned char, Coordinate)
                0x0000819c                ReverseSBlock::~ReverseSBlock()
                0x0000815e                ReverseSBlock::~ReverseSBlock()
                0x0000878e                ReverseSBlock::ReverseSBlock(unsigned char, Coordinate)
                0x000081da                ReverseSBlock::~ReverseSBlock()
 .text          0x00008d04      0xc52 ./tetrominos/SBlock.o
                0x00008e38                SBlock::~SBlock()
                0x00008dfa                SBlock::~SBlock()
                0x00008dbc                SBlock::~SBlock()
                0x000093e6                SBlock::SBlock(unsigned char, Coordinate)
                0x00008e76                SBlock::SBlock(unsigned char, Coordinate)
 .text          0x00009956      0xc32 ./tetrominos/Square.o
                0x00009ac8                Square::Square(unsigned char, Coordinate)
                0x00009a8a                Square::~Square()
                0x00009a4c                Square::~Square()
                0x00009a0e                Square::~Square()
                0x0000a028                Square::Square(unsigned char, Coordinate)
 .text          0x0000a588      0xc72 ./tetrominos/TBlock.o
                0x0000ac7a                TBlock::TBlock(unsigned char, Coordinate)
                0x0000a6fa                TBlock::TBlock(unsigned char, Coordinate)
                0x0000a640                TBlock::~TBlock()
                0x0000a67e                TBlock::~TBlock()
                0x0000a6bc                TBlock::~TBlock()
 .text          0x0000b1fa      0x7fe ./tetrominos/Tetromino.o
                0x0000b306                Tetromino::Tetromino(unsigned char, Coordinate)
                0x0000b632                Tetromino::getMaxXBoundary()
                0x0000b9c2                Tetromino::~Tetromino()
                0x0000b956                Tetromino::~Tetromino()
                0x0000b98c                Tetromino::~Tetromino()
                0x0000b4ce                Tetromino::getBlockCoordinate(int)
                0x0000b39c                Tetromino::draw(Coordinate, bool)
                0x0000b6c0                Tetromino::getMinXBoundary()
                0x0000b516                Tetromino::getMaxYBoundary()
                0x0000b74e                Tetromino::rotate90(unsigned char, unsigned char)
                0x0000b5a4                Tetromino::getMinYBoundary()
                0x0000b270                Tetromino::Tetromino(unsigned char, Coordinate)
                0x0000b45a                Tetromino::updatePosition(short, short)
 .text          0x0000b9f8      0x25c ./screens/GameOverScreen.o
                0x0000baea                GameOverScreen::~GameOverScreen()
                0x0000b9f8                GameOverScreen::getNextScreen()
                0x0000bbfc                GameOverScreen::GameOverScreen(InputShield*, int)
                0x0000ba80                GameOverScreen::activate()
                0x0000bb66                GameOverScreen::~GameOverScreen()
                0x0000bba4                GameOverScreen::GameOverScreen(InputShield*, int)
                0x0000bb28                GameOverScreen::~GameOverScreen()
 .text          0x0000bc54      0x288 ./screens/LandingScreen.o
                0x0000bc54                LandingScreen::getNextScreen()
                0x0000bde8                LandingScreen::~LandingScreen()
                0x0000be64                LandingScreen::LandingScreen(InputShield*)
                0x0000bc92                LandingScreen::activate()
                0x0000be26                LandingScreen::~LandingScreen()
                0x0000bea0                LandingScreen::LandingScreen(InputShield*)
                0x0000bdaa                LandingScreen::~LandingScreen()
 .text          0x0000bedc      0x47e ./screens/NameEntryScreen.o
                0x0000bf5c                NameEntryScreen::activate()
                0x0000c200                NameEntryScreen::~NameEntryScreen()
                0x0000c2ba                NameEntryScreen::NameEntryScreen(InputShield*, int)
                0x0000c30a                NameEntryScreen::NameEntryScreen(InputShield*, int)
                0x0000c23e                NameEntryScreen::~NameEntryScreen()
                0x0000bf1e                NameEntryScreen::getNextScreen()
                0x0000c27c                NameEntryScreen::~NameEntryScreen()
 .text          0x0000c35a      0x46a ./screens/PlayScreen.o
                0x0000c6a8                PlayScreen::~PlayScreen()
                0x0000c39c                PlayScreen::drawStats()
                0x0000c77e                PlayScreen::PlayScreen(InputShield*)
                0x0000c590                PlayScreen::activate()
                0x0000c53c                PlayScreen::getNextScreen()
                0x0000c6f0                PlayScreen::~PlayScreen()
                0x0000c40c                PlayScreen::gameLoop()
                0x0000c738                PlayScreen::PlayScreen(InputShield*)
                0x0000c660                PlayScreen::~PlayScreen()
 .text          0x0000c7c4      0x2f8 ./screens/Screen.o
                0x0000c8dc                Screen::~Screen()
                0x0000c8a6                Screen::~Screen()
                0x0000c870                Screen::~Screen()
                0x0000c912                Screen::pressAToContinue()
                0x0000c838                Screen::activate()
                0x0000c852                Screen::getNextScreen()
                0x0000c7c4                Screen::Screen(InputShield*)
                0x0000c7fe                Screen::Screen(InputShield*)
 .text          0x0000cabc      0x84e ./lib/FlashFileSystem.o
                0x0000d2a8                open(ProgramEx)
                0x0000cabc                DelayBigTime()
                0x0000d286                FlashFile_open(ProgramEx)
                0x0000d16a                FlashFileSystemComm()
 .text          0x0000d30a      0x6cc ./lib/HardwareSerial.o
                0x0000d586                HardwareSerial::print(unsigned long)
                0x0000d3fc                HardwareSerial::printNumber(unsigned long, unsigned char)
                0x0000d7fc                HardwareSerial::print(long, int)
                0x0000d976                HardwareSerial::available()
                0x0000d326                HardwareSerial::HardwareSerial(unsigned char)
                0x0000d99c                HardwareSerial::begin(long)
                0x0000d5fe                HardwareSerial::println()
                0x0000d5c6                HardwareSerial::print(unsigned int)
                0x0000d672                HardwareSerial::println(unsigned char)
                0x0000d8d8                HardwareSerial::print(char const*)
                0x0000d742                HardwareSerial::println(long)
                0x0000d342                HardwareSerial::flush()
                0x0000d788                HardwareSerial::print(int)
                0x0000d7c4                HardwareSerial::println(int)
                0x0000d920                HardwareSerial::println(char const*)
                0x0000d880                HardwareSerial::println(long, int)
                0x0000d3da                HardwareSerial::print(char)
                0x0000d6ce                HardwareSerial::print(long)
                0x0000d62c                HardwareSerial::println(unsigned long)
                0x0000d30a                HardwareSerial::HardwareSerial(unsigned char)
                0x0000d958                HardwareSerial::read()
                0x0000d3b8                HardwareSerial::print(unsigned char)
                0x0000d6a0                HardwareSerial::println(char)
 .text          0x0000d9d6        0x0 ./lib/HersheyCyrillic.o
 .text          0x0000d9d6      0xdc6 ./lib/HersheyFonts.o
                0x0000da2e                HersheyGetCharWidth
                0x0000e184                GetHersheyFontNumerFromName
                0x0000e4f2                HersheyDisplayFontList
                0x0000e246                HersheyDisplayFontSamples
                0x0000e0b0                GetHersheyFontTableSize
                0x0000da76                HersheyGetStringWidth
                0x0000e21c                GetHersheyFontName
                0x0000dee4                HersheyDrawCString
 .text          0x0000e79c        0x0 ./lib/HersheyGothic.o
 .text          0x0000e79c        0x0 ./lib/HersheyGreek.o
 .text          0x0000e79c       0x60 ./lib/HersheyRowman.o
                0x0000e79c                GetFontDef_RowmanTriplex
 .text          0x0000e7fc        0x0 ./lib/HersheyScript.o
 .text          0x0000e7fc        0x0 ./lib/HersheySymbols.o
 .text          0x0000e7fc        0x0 ./lib/HersheyTimes.o
 .text          0x0000e7fc     0x1682 ./lib/Keyboard.o
                0x0000e7fc                GetKeyIndex(KEYBOARD*, Point*)
                0x0000eaf4                GetQWERTYkeyboardInput()
 .text          0x0000fe7e      0x9ac ./lib/Print.o
                0x0001041c                Print::println(unsigned int, int)
                0x0001038e                Print::println()
                0x00010460                Print::println(int, int)
                0x0000ffaa                Print::printNumber(unsigned long, unsigned char)
                0x0000fef0                Print::write(unsigned char const*, unsigned int)
                0x00010784                Print::print(double, int)
                0x0001034a                Print::print(char, int)
                0x0000fe9a                Print::write(char const*)
                0x000105b4                Print::printFloat(double, unsigned char)
                0x00010300                Print::print(int, int)
                0x000101f0                Print::print(unsigned char, int)
                0x000104e4                Print::println(char const*)
                0x000104a4                Print::println(unsigned char, int)
                0x0001051c                Print::println(char, int)
                0x000101aa                Print::print(unsigned int, int)
                0x0000ff6a                Print::print(char const*)
                0x00010138                Print::print(unsigned long, int)
                0x0001055c                Print::println(long, int)
                0x000107d2                Print::println(double, int)
                0x0000fe7e                Print::write(unsigned char)
                0x00010234                Print::print(long, int)
                0x000103c4                Print::println(unsigned long, int)
 .text          0x0001082a     0x7e50 ./lib/SubPGraphics.o
                0x00014d5a                fillEllipse(int, int, int, int)
                0x00016df8                text(char, int, int)
                0x00014f10                background(unsigned char)
                0x000171f8                lcd_setBrightness
                0x00016f48                Display7SegmentChar(int, int, char, char)
                0x00010fea                setfcolor(unsigned char, unsigned char, unsigned char)
                0x000115e4                Move
                0x000118ee                OffsetRect
                0x0001140e                noStroke()
                0x00015732                lcd_circle
                0x000133a0                line(int, int, int, int, COLOR)
                0x00014666                clear(COLOR)
                0x000123c8                drawEllipse(int, int, int, int, COLOR)
                0x0001346c                lcd_line
                0x0001155c                setFont(unsigned char)
                0x00011018                setForecolor(COLOR)
                0x0001848c                dist(float, float, float, float)
                0x00015864                arc(int, int, int, int, float, float)
                0x000115aa                MoveTo
                0x00016696                text(char*, int, int, int, int)
                0x000165a8                textWidth(unsigned char, char*)
                0x00011e0e                setPixel(int, int)
                0x00011636                SetRGBcolor
                0x00014ea0                clearscreen()
                0x00014dc0                rect(int, int, int, int)
                0x0001111e                setBackcolor(unsigned char, unsigned char, unsigned char)
                0x000116aa                RGBBackColor
                0x00011aa4                lcd_pixel
                0x00016dbc                text(unsigned int, int, int)
                0x00011dc2                setPixel(int, int, COLOR)
                0x00016706                text(char*, int, int, int)
                0x00011af0                PlotIcon
                0x000171cc                setBrightness(int)
                0x00016ea8                DrawCString
                0x00016600                textWidth(char*)
                0x00016c6a                text(double, int, int)
                0x00014e5a                fillback()
                0x00013d28                FillRect
                0x00014596                fillRect(int, int, int, int, COLOR)
                0x00011d82                point(int, int)
                0x000182e2                getPixel(COLOR*, int, int)
                0x00014f32                drawrect(int, int, int, int)
                0x00011676                RGBForeColor
                0x00017216                fadeout(int)
                0x00011522                stroke(unsigned char, unsigned char, unsigned char)
                0x00013576                LineTo
                0x00011582                textFont(unsigned char, int)
                0x00018142                fillQuad(int, int, int, int, int, int, int, int)
                0x00012f0c                drawRect(int, int, int, int, COLOR)
                0x00010fbc                setbcolor(unsigned char, unsigned char, unsigned char)
                0x00017172                gettouch()
                0x0001242e                drawEllipse(int, int, int, int)
                0x00013e48                Display7SegmentDigit(int, int, char, char)
                0x000111e8                alphaBlend(COLOR, COLOR, int)
                0x00013406                line(int, int, int, int)
                0x0001676e                text(char*, int, int)
                0x00018598                dist(POINT, POINT)
                0x0001565c                ellipse(int, int, int, int)
                0x0001680e                lcd_puts
                0x000110b2                setBackcolor(COLOR)
                0x000116de                PtInRect
                0x00010fa6                getBrightness()
                0x00015c60                BezierCurve
                0x00011978                SetRect
                0x00013144                drawRect(int, int, int, int)
                0x00016cd4                text(long, int, int)
                0x000137f0                FrameRect
                0x00013b3c                triangle(int, int, int, int, int, int)
                0x00010e78                colorFromLong(long)
                0x000134da                Line
                0x0001114c                invertColor(COLOR)
                0x00013db8                EraseRect
                0x00017e38                fillTriangle(int, int, int, int, int, int, COLOR)
                0x000114fa                strokeWeight(int)
                0x00012dca                drawTriangle(int, int, int, int, int, int, COLOR)
                0x00013d06                EraseScreen
                0x00016e40                drawstring(int, int, char*)
                0x0001665a                textFont(char*, int)
                0x00018428                floodFill(int, int, COLOR)
                0x0001185c                InsetRect
                0x000113d0                fill(unsigned char, unsigned char, unsigned char)
                0x0001475c                clear()
                0x00011424                size(int, int)
                0x0001808c                fillQuad(int, int, int, int, int, int, int, int, COLOR)
                0x00011774                POINTinRect
                0x000113a2                fill(int)
                0x00016a38                drawWindow(char*, int, int, int, int, COLOR)
                0x000117cc                pointInRect(int, int, int, int, int, int)
                0x000114be                stroke(int)
                0x000131aa                drawQuad(int, int, int, int, int, int, int, int, COLOR)
                0x00016fec                DrawKeyPadButton(Button*)
                0x000163be                bezier(int, int, int, int, int, int, int, int)
                0x00013bac                quad(int, int, int, int, int, int, int, int)
                0x00013288                drawQuad(int, int, int, int, int, int, int, int)
                0x00012e84                drawTriangle(int, int, int, int, int, int)
                0x00016ee4                drawchar(int, int, char)
                0x000113fc                noFill()
                0x0001825a                fillTriangle(int, int, int, int, int, int)
                0x00011084                setForecolor(unsigned char, unsigned char, unsigned char)
                0x000135f4                framerect(int, int, int, int)
                0x00016d46                text(int, int, int)
                0x00014704                clear(int, int, int)
                0x00014ebc                background(unsigned char, unsigned char, unsigned char)
                0x00014600                fillRect(int, int, int, int)
                0x000168f8                centerText(int, int, int, int, char*)
                0x000172d6                beginCanvas()
                0x00017272                fadein(int)
                0x00015822                drawcircle(int, int, int)
                0x0001477a                fillEllipse(int, int, int, int, COLOR)
                0x00016634                loadFont(char*)
                0x00014ee6                lcd_clearScreen
                0x000170c0                Display7SegmentString(int, int, char*, char)
                0x00014f80                lcd_rectangle
 .text          0x0001867a      0x17c ./lib/WRandom.o
                0x000186f6                random(long, long)
                0x000187cc                randomSeed(unsigned int)
                0x0001867a                random(long)
 .text          0x000187f6     0x1d26 ./lib/bmp.o
                0x000187f6                bmp_init
                0x0001a25c                bmp_get_entryname
                0x0001887a                image(unsigned long long, int, int)
                0x00018804                bmp_lookup_table_checkStatus
                0x0001986c                bmp_find
                0x0001a1ca                bmp_draw
                0x00019dd4                bmp_draw_imageN
                0x0001a468                bmp_get_entryInfoFromName
                0x00018814                GetFlashFileEntry(short, FLASH_FILE_ENTRY*)
                0x00019d16                bmp_store
                0x0001999e                bmp_drawTest
                0x0001992c                loadImage(char*)
 .text          0x0001a51c      0x916 ./lib/calibrate.o
                0x0001acb8                getDisplayPoint
                0x0001a51c                setCalibrationMatrix
 .text          0x0001ae32      0x5e2 ./lib/dataflash.o
                0x0001ae32                dataflash_init
                0x0001aee0                dataflash_write_buff
                0x0001aff2                dataflash_clear_buff
                0x0001af62                dataflash_read_buff
                0x0001b0ee                dataflash_erase
                0x0001b19e                dataflash_read_block
                0x0001b0fc                dataflash_out
                0x0001b05e                dataflash_program_page
                0x0001b312                dataflash_cont_read
                0x0001b122                dataflash_checkStatus
 .text          0x0001b414      0x738 ./lib/font.o
                0x0001ba58                dispPutS
                0x0001b8e2                dispPutC
                0x0001b84e                dispPutLargeNumString
                0x0001b414                dispPutXLargeNum
                0x0001baec                dispMeasureC
                0x0001b678                dispPutLargeNum
                0x0001bb04                dispMeasureS
                0x0001b5e4                dispPutXLargeNumString
 .text          0x0001bb4c     0x11f8 ./lib/graphics.o
                0x0001be36                dispSetWindow
                0x0001bcae                dispColor
                0x0001bdf2                GetScreenWidth
                0x0001c052                dispPixel
                0x0001bcdc                dispPix
                0x0001c206                dispRead
                0x0001cb44                dispPowerLCD
                0x0001cbb4                dispClearScreen
                0x0001c13a                dispPixel2
                0x0001bd5c                dispPix2
                0x0001bb4c                dispCommand
                0x0001cb7c                dispStandby
                0x0001c358                dispRectangle
                0x0001be14                GetScreenHeight
                0x0001bbf0                dispData
 .text          0x0001cd44      0x4b6 ./lib/image_interface.o
                0x0001cd44                image_interface_begin
 .text          0x0001d1fa      0x3b6 ./lib/oled_slide.o
                0x0001d2d2                oled_init
                0x0001d1fa                oled_status
                0x0001d546                oled_brightness
 .text          0x0001d5b0        0x0 ./lib/oled_stealth.o
 .text          0x0001d5b0      0x588 ./lib/startup.o
                0x0001d900                sketchEarlyInits
                0x0001d5b0                sketchLateInits
 .text          0x0001db38      0xa96 ./lib/touchscreen.o
                0x0001dbd0                touchscreen_process_z1
                0x0001db38                touchscreen_process_x
                0x0001dd2c                touch_init
                0x0001db84                touchscreen_process_y
                0x0001dc10                touchscreen_process_z2
                0x0001de82                touchscreen_setup_z1
                0x0001dd76                touchscreen_setup_x
                0x0001ddfc                touchscreen_setup_y
                0x0001e57e                delay_ms
                0x0001dc50                touchscreen_service
                0x0001e4e2                touch_getCursor
                0x0001e442                touch_getTouched
                0x0001df08                touchscreen_setup_z2
                0x0001df8e                touch_calibrate
 .text          0x0001e5ce      0x716 ./lib/usart.o
                0x0001e71e                usart_putNum
                0x0001e780                usart_read_bytes
                0x0001ec82                usart_putNum3
                0x0001ea3a                usart_getByte2
                0x0001eb2a                usart_init3
                0x0001ea8e                usart_puts2
                0x0001eac8                usart_putNum2
                0x0001ea60                usart_putc2
                0x0001e6a0                usart_flush
                0x0001e7e8                usart_init1
                0x0001e678                usart_getBuff_ptr
                0x0001ea14                usart_isavailable2
                0x0001e6e4                usart_puts
                0x0001e8fa                usart_putNum1
                0x0001e68a                usart_getBuff_size
                0x0001e6b6                usart_putc
                0x0001ec1a                usart_putc3
                0x0001ec48                usart_puts3
                0x0001e5ce                usart_init
                0x0001e892                usart_putc1
                0x0001e95c                usart_init2
                0x0001ebf4                usart_getByte3
                0x0001ebce                usart_isavailable3
                0x0001e8c0                usart_puts1
 .text          0x0001ece4      0x278 ./lib/wiring.o
                0x0001eee4                arduinoRun
                0x0001ece4                __vector_23
                0x0001ef3e                init
                0x0001ee7e                delay
                0x0001ef14                arduinoReset
                0x0001ee5c                millis
 .text          0x0001ef5c       0xa6 ./lib/wiring_analog.o
                0x0001ef5c                analogReference
                0x0001ef76                analogRead
 .text          0x0001f002       0x66 ./lib/wiring_digital.o
                0x0001f036                digitalRead
                0x0001f01c                digitalWrite
                0x0001f002                pinMode
                0x0001f04e                delayMicroseconds
 .text          0x0001f068      0x594 ./lib/wiring_serial.o
                0x0001f330                printString
                0x0001f222                serialAvailable
                0x0001f258                serialRead
                0x0001f302                printByte
                0x0001f2e8                printMode
                0x0001f31c                printNewline
                0x0001f5c2                printBinary
                0x0001f118                serialBegin
                0x0001f4e4                printInteger
                0x0001f588                printOctal
                0x0001f2ca                serialFlush
                0x0001f068                __vector_36
                0x0001f54e                printHex
                0x0001f1f4                serialWrite
                0x0001f14a                beginSerial
                0x0001f36c                printIntegerInBase
 .text          0x0001f5fc      0xd66 ./layout/blocks/BlockDrawingFunctions.o
                0x0001fa78                drawSBlock(Coordinate, Coordinate, unsigned char, unsigned char)
                0x0001fc06                drawSquareBlock(Coordinate, Coordinate, unsigned char, unsigned char)
                0x0001f780                drawLBlock(Coordinate, Coordinate, unsigned char, unsigned char)
                0x0001f8f4                drawReverseSBlock(Coordinate, Coordinate, unsigned char, unsigned char)
                0x0001f5fc                drawReverseLBlock(Coordinate, Coordinate, unsigned char, unsigned char)
                0x0001fd98                drawTBlock(Coordinate, Coordinate, unsigned char, unsigned char)
                0x0001f83a                drawLineBlock(Coordinate, Coordinate, unsigned char, unsigned char)
 .text          0x00020362      0x476 ./layout/blocks/GridBlock.o
                0x00020736                GridBlock::~GridBlock()
                0x00020678                GridBlock::clear(Coordinate)
                0x000207a2                GridBlock::~GridBlock()
                0x0002037c                GridBlock::GridBlock(unsigned char, unsigned char, Coordinate, void (*)(Coordinate, Coordinate, unsigned char, unsigned char))
                0x00020596                GridBlock::draw(Coordinate, bool)
                0x0002076c                GridBlock::~GridBlock()
                0x00020512                GridBlock::getLastDrawPosition()
                0x000204e8                GridBlock::getCurrentPosition()
                0x00020432                GridBlock::GridBlock(unsigned char, unsigned char, Coordinate, void (*)(Coordinate, Coordinate, unsigned char, unsigned char))
                0x0002053c                GridBlock::updatePosition(short, short)
 .text          0x000207d8      0x476 ./layout/BackgroundDrawingFunctions.o
                0x000207d8                drawBrick(int, int)
                0x0002085c                drawBackground()
 .text          0x00020c4e      0xe68 ./layout/Grid.o
                0x000218b0                Grid::Grid(Coordinate&, unsigned char, unsigned char, unsigned char)
                0x00021550                Grid::drawEmptyGrid()
                0x00021296                Grid::drawOccupiedGridSquares()
                0x0002165c                Grid::~Grid()
                0x00020c88                Grid::getGridDepth()
                0x000210f6                Grid::hasCollided(Tetromino*)
                0x00020f82                Grid::willTetrominoFitOnGrid(Tetromino*)
                0x00020ca8                Grid::clearLines()
                0x000211e8                Grid::occupy(Tetromino*)
                0x00020c68                Grid::getGridWidth()
                0x000215c0                Grid::~Grid()
                0x000216aa                Grid::Grid(Coordinate&, unsigned char, unsigned char, unsigned char)
                0x0002160e                Grid::~Grid()
 .text          0x00021ab6      0x454 ./controls/keyboard/NameEntryBox.o
                0x00021b60                NameEntryBox::draw()
                0x00021d48                NameEntryBox::~NameEntryBox()
                0x00021d06                NameEntryBox::~NameEntryBox()
                0x00021ae8                NameEntryBox::enterChar(char)
                0x00021d8a                NameEntryBox::NameEntryBox(Coordinate, unsigned char, unsigned char)
                0x00021cc4                NameEntryBox::~NameEntryBox()
                0x00021e4a                NameEntryBox::NameEntryBox(Coordinate, unsigned char, unsigned char)
                0x00021b3e                NameEntryBox::getName()
                0x00021ab6                NameEntryBox::isNameComplete()
 .text          0x00021f0a      0x23e ./controls/keyboard/OnScreenKey.o
                0x00021f0a                OnScreenKey::OnScreenKey(Coordinate, unsigned char, char)
                0x00021ffe                OnScreenKey::draw()
                0x000220dc                OnScreenKey::~OnScreenKey()
                0x00021fde                OnScreenKey::getValue()
                0x000220a6                OnScreenKey::~OnScreenKey()
                0x00022112                OnScreenKey::~OnScreenKey()
                0x00021f74                OnScreenKey::OnScreenKey(Coordinate, unsigned char, char)
 .text          0x00022148     0x325a ./controls/keyboard/OnScreenKeyboard.o
                0x000228c6                OnScreenKeyboard::OnScreenKeyboard(Coordinate)
                0x000227d2                OnScreenKeyboard::click()
                0x00022824                OnScreenKeyboard::~OnScreenKeyboard()
                0x00022890                OnScreenKeyboard::~OnScreenKeyboard()
                0x000226cc                OnScreenKeyboard::draw()
                0x000222ae                OnScreenKeyboard::cursorHasMovedSinceLastDrawn()
                0x0002285a                OnScreenKeyboard::~OnScreenKeyboard()
                0x000221a4                OnScreenKeyboard::updateCursorPosition(INPUTSHIELD_STATE_T&)
                0x00023e34                OnScreenKeyboard::OnScreenKeyboard(Coordinate)
                0x000222fe                OnScreenKeyboard::drawCursor()
 .text          0x000253a2      0x330 ./controls/InputShield.o
                0x000253a2                InputShield::readDataSLIP()
                0x00025460                InputShield::inputDataAvailable()
                0x0002548e                InputShield::readInputShield(INPUTSHIELD_STATE_T*)
                0x0002569c                InputShield::InputShield()
                0x00025666                InputShield::InputShield()
                0x00025630                InputShield::~InputShield()
                0x000255fa                InputShield::~InputShield()
                0x000255c4                InputShield::~InputShield()
 .text          0x000256d2      0xc62 ./controller/GridMaster.o
                0x000258c0                GridMaster::setTetrominoToGrid(Tetromino*)
                0x0002582c                GridMaster::hasCollided(Tetromino*)
                0x00025df8                GridMaster::~GridMaster()
                0x000256ec                GridMaster::levelUp()
                0x0002585e                GridMaster::gridIsValid()
                0x00025d5c                GridMaster::~GridMaster()
                0x00025b92                GridMaster::applyControllerInput(INPUTSHIELD_STATE_T&)
                0x0002571a                GridMaster::drawNextTetromino()
                0x00026132                GridMaster::GridMaster(Coordinate&, Coordinate, unsigned char, unsigned char, unsigned char, unsigned char)
                0x000258f2                GridMaster::insertNewTetromino(Coordinate)
                0x00025808                GridMaster::clearLines()
                0x000259c6                GridMaster::attemptToUpdateActiveTetromino(short, short)
                0x00025a60                GridMaster::progress()
                0x00025940                GridMaster::drawGridContents()
                0x000259a2                GridMaster::drawGrid()
                0x00025e94                GridMaster::~GridMaster()
                0x00025f30                GridMaster::GridMaster(Coordinate&, Coordinate, unsigned char, unsigned char, unsigned char, unsigned char)
 .text          0x00026334      0x27c ./controller/StatsMaster.o
                0x000264ec                StatsMaster::getTotalLines()
                0x0002657a                StatsMaster::~StatsMaster()
                0x00026544                StatsMaster::~StatsMaster()
                0x0002637e                StatsMaster::StatsMaster()
                0x000264a8                StatsMaster::getScore()
                0x000263c8                StatsMaster::notifyLinesCleared(int)
                0x000264ca                StatsMaster::getLevel()
                0x00026334                StatsMaster::StatsMaster()
                0x0002650e                StatsMaster::~StatsMaster()
 .text          0x000265b0      0x64c ./controller/TetrominoGenerator.o
                0x00026a08                TetrominoGenerator::~TetrominoGenerator()
                0x0002694a                TetrominoGenerator::takeNextTetromino()
                0x0002674a                TetrominoGenerator::getRandomTetromino()
                0x00026712                TetrominoGenerator::getNextTetromino()
                0x00026a6c                TetrominoGenerator::~TetrominoGenerator()
                0x00026ad0                TetrominoGenerator::TetrominoGenerator(unsigned char, Coordinate)
                0x00026b66                TetrominoGenerator::TetrominoGenerator(unsigned char, Coordinate)
                0x000265ca                Tetromino::Tetromino(Tetromino const&)
                0x000269a4                TetrominoGenerator::~TetrominoGenerator()
 .text          0x00026bfc       0xd2 ./Tetris.o
                0x00026c78                setup(InputShield*)
                0x00026bfc                main
 .text          0x00026cce        0x0 c:/winavr-20100110/bin/../lib/gcc/avr/4.3.3/avr6\libgcc.a(_mulsi3.o)
 .text          0x00026cce        0x0 c:/winavr-20100110/bin/../lib/gcc/avr/4.3.3/avr6\libgcc.a(_udivmodqi4.o)
 .text          0x00026cce        0x0 c:/winavr-20100110/bin/../lib/gcc/avr/4.3.3/avr6\libgcc.a(_udivmodhi4.o)
 .text          0x00026cce        0x0 c:/winavr-20100110/bin/../lib/gcc/avr/4.3.3/avr6\libgcc.a(_divmodhi4.o)
 .text          0x00026cce        0x0 c:/winavr-20100110/bin/../lib/gcc/avr/4.3.3/avr6\libgcc.a(_udivmodsi4.o)
 .text          0x00026cce        0x0 c:/winavr-20100110/bin/../lib/gcc/avr/4.3.3/avr6\libgcc.a(_divmodsi4.o)
 .text          0x00026cce        0x0 c:/winavr-20100110/bin/../lib/gcc/avr/4.3.3/avr6\libgcc.a(_exit.o)
 .text          0x00026cce        0x0 c:/winavr-20100110/bin/../lib/gcc/avr/4.3.3/avr6\libgcc.a(_clear_bss.o)
 .text          0x00026cce        0x0 c:/winavr-20100110/bin/../lib/gcc/avr/4.3.3/avr6\libgcc.a(_ctors.o)
 .text          0x00026cce       0x58 c:/winavr-20100110/bin/../lib/gcc/avr/4.3.3/avr6\libgcc.a(_fixunssfsi.o)
                0x00026cce                __fixunssfsi
 .text          0x00026d26      0x354 c:/winavr-20100110/bin/../lib/gcc/avr/4.3.3/avr6\libgcc.a(_addsub_sf.o)
                0x00026fbe                __subsf3
                0x00027020                __addsf3
 .text          0x0002707a      0x1f4 c:/winavr-20100110/bin/../lib/gcc/avr/4.3.3/avr6\libgcc.a(_mul_sf.o)
                0x0002707a                __mulsf3
 .text          0x0002726e      0x158 c:/winavr-20100110/bin/../lib/gcc/avr/4.3.3/avr6\libgcc.a(_div_sf.o)
                0x0002726e                __divsf3
 .text          0x000273c6       0x60 c:/winavr-20100110/bin/../lib/gcc/avr/4.3.3/avr6\libgcc.a(_gt_sf.o)
                0x000273c6                __gtsf2
 .text          0x00027426       0x60 c:/winavr-20100110/bin/../lib/gcc/avr/4.3.3/avr6\libgcc.a(_ge_sf.o)
                0x00027426                __gesf2
 .text          0x00027486       0x60 c:/winavr-20100110/bin/../lib/gcc/avr/4.3.3/avr6\libgcc.a(_lt_sf.o)
                0x00027486                __ltsf2
 .text          0x000274e6       0x60 c:/winavr-20100110/bin/../lib/gcc/avr/4.3.3/avr6\libgcc.a(_le_sf.o)
                0x000274e6                __lesf2
 .text          0x00027546       0xbc c:/winavr-20100110/bin/../lib/gcc/avr/4.3.3/avr6\libgcc.a(_si_to_sf.o)
                0x00027546                __floatsisf
 .text          0x00027602       0xa8 c:/winavr-20100110/bin/../lib/gcc/avr/4.3.3/avr6\libgcc.a(_sf_to_si.o)
                0x00027602                __fixsfsi
 .text          0x000276aa        0x0 c:/winavr-20100110/bin/../lib/gcc/avr/4.3.3/avr6\libgcc.a(_thenan_sf.o)
 .text          0x000276aa       0xf2 c:/winavr-20100110/bin/../lib/gcc/avr/4.3.3/avr6\libgcc.a(_usi_to_sf.o)
                0x000276aa                __floatunsisf
 .text          0x0002779c        0x0 c:/winavr-20100110/bin/../lib/gcc/avr/4.3.3/avr6\libgcc.a(_prologue.o)
 .text          0x0002779c        0x0 c:/winavr-20100110/bin/../lib/gcc/avr/4.3.3/avr6\libgcc.a(_epilogue.o)
 .text          0x0002779c        0x0 c:/winavr-20100110/bin/../lib/gcc/avr/4.3.3/avr6\libgcc.a(_tablejump.o)
 .text          0x0002779c       0x9e c:/winavr-20100110/bin/../lib/gcc/avr/4.3.3/avr6\libgcc.a(_clzsi2.o)
                0x0002779c                __clzsi2
 .text          0x0002783a      0x1aa c:/winavr-20100110/bin/../lib/gcc/avr/4.3.3/avr6\libgcc.a(_pack_sf.o)
                0x0002783a                __pack_f
 .text          0x000279e4       0xf0 c:/winavr-20100110/bin/../lib/gcc/avr/4.3.3/avr6\libgcc.a(_unpack_sf.o)
                0x000279e4                __unpack_f
 .text          0x00027ad4       0xb2 c:/winavr-20100110/bin/../lib/gcc/avr/4.3.3/avr6\libgcc.a(_fpcmp_parts_sf.o)
                0x00027ad4                __fpcmp_parts_f
 .text          0x00027b86        0x0 c:/winavr-20100110/bin/../lib/gcc/avr/4.3.3/avr6\libgcc.a(_clz.o)
 .text          0x00027b86        0x0 c:/winavr-20100110/bin/../lib/gcc/avr/4.3.3/../../../../avr/lib/avr6\libm.a(cos.o)
 .text          0x00027b86        0x0 c:/winavr-20100110/bin/../lib/gcc/avr/4.3.3/../../../../avr/lib/avr6\libm.a(fp_rempio2.o)
 .text          0x00027b86        0x0 c:/winavr-20100110/bin/../lib/gcc/avr/4.3.3/../../../../avr/lib/avr6\libm.a(fp_sinus.o)
 .text          0x00027b86        0x0 c:/winavr-20100110/bin/../lib/gcc/avr/4.3.3/../../../../avr/lib/avr6\libm.a(fp_split3.o)
 .text          0x00027b86        0x0 c:/winavr-20100110/bin/../lib/gcc/avr/4.3.3/../../../../avr/lib/avr6\libm.a(round.o)
 .text          0x00027b86        0x0 c:/winavr-20100110/bin/../lib/gcc/avr/4.3.3/../../../../avr/lib/avr6\libm.a(sin.o)
 .text          0x00027b86        0x0 c:/winavr-20100110/bin/../lib/gcc/avr/4.3.3/../../../../avr/lib/avr6\libm.a(sqrt.o)
 .text          0x00027b86        0x0 c:/winavr-20100110/bin/../lib/gcc/avr/4.3.3/../../../../avr/lib/avr6\libm.a(addsf3x.o)
 .text          0x00027b86        0x0 c:/winavr-20100110/bin/../lib/gcc/avr/4.3.3/../../../../avr/lib/avr6\libm.a(fp_inf.o)
 .text          0x00027b86        0x0 c:/winavr-20100110/bin/../lib/gcc/avr/4.3.3/../../../../avr/lib/avr6\libm.a(fp_mintl.o)
 .text          0x00027b86        0x0 c:/winavr-20100110/bin/../lib/gcc/avr/4.3.3/../../../../avr/lib/avr6\libm.a(fp_mpack.o)
 .text          0x00027b86        0x0 c:/winavr-20100110/bin/../lib/gcc/avr/4.3.3/../../../../avr/lib/avr6\libm.a(fp_nan.o)
 .text          0x00027b86        0x0 c:/winavr-20100110/bin/../lib/gcc/avr/4.3.3/../../../../avr/lib/avr6\libm.a(fp_norm2.o)
 .text          0x00027b86        0x0 c:/winavr-20100110/bin/../lib/gcc/avr/4.3.3/../../../../avr/lib/avr6\libm.a(fp_powsodd.o)
 .text          0x00027b86        0x0 c:/winavr-20100110/bin/../lib/gcc/avr/4.3.3/../../../../avr/lib/avr6\libm.a(fp_pscA.o)
 .text          0x00027b86        0x0 c:/winavr-20100110/bin/../lib/gcc/avr/4.3.3/../../../../avr/lib/avr6\libm.a(fp_pscB.o)
 .text          0x00027b86        0x0 c:/winavr-20100110/bin/../lib/gcc/avr/4.3.3/../../../../avr/lib/avr6\libm.a(fp_round.o)
 .text          0x00027b86        0x0 c:/winavr-20100110/bin/../lib/gcc/avr/4.3.3/../../../../avr/lib/avr6\libm.a(fp_zero.o)
 .text          0x00027b86        0x0 c:/winavr-20100110/bin/../lib/gcc/avr/4.3.3/../../../../avr/lib/avr6\libm.a(fp_powser.o)
 .text          0x00027b86        0x0 c:/winavr-20100110/bin/../lib/gcc/avr/4.3.3/../../../../avr/lib/avr6\libm.a(mulsf3x.o)
 .text          0x00027b86        0x0 c:/winavr-20100110/bin/../lib/gcc/avr/4.3.3/../../../../avr/lib/avr6\libc.a(dtostrf.o)
 .text          0x00027b86        0x0 c:/winavr-20100110/bin/../lib/gcc/avr/4.3.3/../../../../avr/lib/avr6\libc.a(malloc.o)
 .text          0x00027b86        0x0 c:/winavr-20100110/bin/../lib/gcc/avr/4.3.3/../../../../avr/lib/avr6\libc.a(rand.o)
 .text          0x00027b86        0x0 c:/winavr-20100110/bin/../lib/gcc/avr/4.3.3/../../../../avr/lib/avr6\libc.a(toupper.o)
 .text          0x00027b86        0x0 c:/winavr-20100110/bin/../lib/gcc/avr/4.3.3/../../../../avr/lib/avr6\libc.a(strcpy_P.o)
 .text          0x00027b86        0x0 c:/winavr-20100110/bin/../lib/gcc/avr/4.3.3/../../../../avr/lib/avr6\libc.a(memcpy.o)
 .text          0x00027b86        0x0 c:/winavr-20100110/bin/../lib/gcc/avr/4.3.3/../../../../avr/lib/avr6\libc.a(strcat.o)
 .text          0x00027b86        0x0 c:/winavr-20100110/bin/../lib/gcc/avr/4.3.3/../../../../avr/lib/avr6\libc.a(strcmp.o)
 .text          0x00027b86        0x0 c:/winavr-20100110/bin/../lib/gcc/avr/4.3.3/../../../../avr/lib/avr6\libc.a(strcpy.o)
 .text          0x00027b86        0x0 c:/winavr-20100110/bin/../lib/gcc/avr/4.3.3/../../../../avr/lib/avr6\libc.a(strlen.o)
 .text          0x00027b86        0x0 c:/winavr-20100110/bin/../lib/gcc/avr/4.3.3/../../../../avr/lib/avr6\libc.a(strncmp.o)
 .text          0x00027b86        0x0 c:/winavr-20100110/bin/../lib/gcc/avr/4.3.3/../../../../avr/lib/avr6\libc.a(strncpy.o)
 .text          0x00027b86        0x0 c:/winavr-20100110/bin/../lib/gcc/avr/4.3.3/../../../../avr/lib/avr6\libc.a(sprintf.o)
 .text          0x00027b86        0x0 c:/winavr-20100110/bin/../lib/gcc/avr/4.3.3/../../../../avr/lib/avr6\libc.a(vfprintf_std.o)
 .text          0x00027b86        0x0 c:/winavr-20100110/bin/../lib/gcc/avr/4.3.3/../../../../avr/lib/avr6\libc.a(eerd_block_atmega2560.o)
 .text          0x00027b86        0x0 c:/winavr-20100110/bin/../lib/gcc/avr/4.3.3/../../../../avr/lib/avr6\libc.a(eerd_byte_atmega2560.o)
 .text          0x00027b86        0x0 c:/winavr-20100110/bin/../lib/gcc/avr/4.3.3/../../../../avr/lib/avr6\libc.a(eerd_word_atmega2560.o)
 .text          0x00027b86        0x0 c:/winavr-20100110/bin/../lib/gcc/avr/4.3.3/../../../../avr/lib/avr6\libc.a(eewr_block_atmega2560.o)
 .text          0x00027b86        0x0 c:/winavr-20100110/bin/../lib/gcc/avr/4.3.3/../../../../avr/lib/avr6\libc.a(eewr_byte_atmega2560.o)
 .text          0x00027b86        0x0 c:/winavr-20100110/bin/../lib/gcc/avr/4.3.3/../../../../avr/lib/avr6\libc.a(eewr_word_atmega2560.o)
 .text          0x00027b86        0x0 c:/winavr-20100110/bin/../lib/gcc/avr/4.3.3/../../../../avr/lib/avr6\libc.a(dtoa_prf.o)
 .text          0x00027b86        0x0 c:/winavr-20100110/bin/../lib/gcc/avr/4.3.3/../../../../avr/lib/avr6\libc.a(ftoa_engine.o)
 .text          0x00027b86        0x0 c:/winavr-20100110/bin/../lib/gcc/avr/4.3.3/../../../../avr/lib/avr6\libc.a(strnlen_P.o)
 .text          0x00027b86        0x0 c:/winavr-20100110/bin/../lib/gcc/avr/4.3.3/../../../../avr/lib/avr6\libc.a(strnlen.o)
 .text          0x00027b86        0x0 c:/winavr-20100110/bin/../lib/gcc/avr/4.3.3/../../../../avr/lib/avr6\libc.a(fputc.o)
 .text          0x00027b86        0x0 c:/winavr-20100110/bin/../lib/gcc/avr/4.3.3/../../../../avr/lib/avr6\libc.a(ultoa_invert.o)
                0x00027b86                . = ALIGN (0x2)
 *(.text.*)
 .text.libgcc   0x00027b86       0x3e c:/winavr-20100110/bin/../lib/gcc/avr/4.3.3/avr6\libgcc.a(_mulsi3.o)
                0x00027b86                __mulsi3
 .text.libgcc   0x00027bc4       0x18 c:/winavr-20100110/bin/../lib/gcc/avr/4.3.3/avr6\libgcc.a(_udivmodqi4.o)
                0x00027bc4                __udivmodqi4
 .text.libgcc   0x00027bdc       0x28 c:/winavr-20100110/bin/../lib/gcc/avr/4.3.3/avr6\libgcc.a(_udivmodhi4.o)
                0x00027bdc                __udivmodhi4
 .text.libgcc   0x00027c04       0x26 c:/winavr-20100110/bin/../lib/gcc/avr/4.3.3/avr6\libgcc.a(_divmodhi4.o)
                0x00027c04                __divmodhi4
                0x00027c04                _div
 .text.libgcc   0x00027c2a       0x44 c:/winavr-20100110/bin/../lib/gcc/avr/4.3.3/avr6\libgcc.a(_udivmodsi4.o)
                0x00027c2a                __udivmodsi4
 .text.libgcc   0x00027c6e       0x36 c:/winavr-20100110/bin/../lib/gcc/avr/4.3.3/avr6\libgcc.a(_divmodsi4.o)
                0x00027c6e                __divmodsi4
 .text.libgcc   0x00027ca4        0x0 c:/winavr-20100110/bin/../lib/gcc/avr/4.3.3/avr6\libgcc.a(_exit.o)
 .text.libgcc   0x00027ca4        0x0 c:/winavr-20100110/bin/../lib/gcc/avr/4.3.3/avr6\libgcc.a(_clear_bss.o)
 .text.libgcc   0x00027ca4        0x0 c:/winavr-20100110/bin/../lib/gcc/avr/4.3.3/avr6\libgcc.a(_ctors.o)
 .text.libgcc   0x00027ca4       0x38 c:/winavr-20100110/bin/../lib/gcc/avr/4.3.3/avr6\libgcc.a(_prologue.o)
                0x00027ca4                __prologue_saves__
 .text.libgcc   0x00027cdc       0x36 c:/winavr-20100110/bin/../lib/gcc/avr/4.3.3/avr6\libgcc.a(_epilogue.o)
                0x00027cdc                __epilogue_restores__
 .text.libgcc   0x00027d12        0xc c:/winavr-20100110/bin/../lib/gcc/avr/4.3.3/avr6\libgcc.a(_tablejump.o)
                0x00027d16                __tablejump__
                0x00027d12                __tablejump2__
 .text.avr-libc.fplib
                0x00027d1e        0x6 c:/winavr-20100110/bin/../lib/gcc/avr/4.3.3/../../../../avr/lib/avr6\libm.a(cos.o)
                0x00027d1e                cos
 .text.avr-libc.fplib
                0x00027d24       0x50 c:/winavr-20100110/bin/../lib/gcc/avr/4.3.3/../../../../avr/lib/avr6\libm.a(fp_rempio2.o)
                0x00027d26                __fp_rempio2
 .text.avr-libc.fplib
                0x00027d74       0x22 c:/winavr-20100110/bin/../lib/gcc/avr/4.3.3/../../../../avr/lib/avr6\libm.a(fp_sinus.o)
                0x00027d74                __fp_sinus
 .text.avr-libc.fplib
                0x00027d96       0x44 c:/winavr-20100110/bin/../lib/gcc/avr/4.3.3/../../../../avr/lib/avr6\libm.a(fp_split3.o)
                0x00027d96                __fp_split3
                0x00027da6                __fp_splitA
 .text.avr-libc.fplib
                0x00027dda       0x40 c:/winavr-20100110/bin/../lib/gcc/avr/4.3.3/../../../../avr/lib/avr6\libm.a(round.o)
                0x00027dda                round
 .text.avr-libc.fplib
                0x00027e1a        0xc c:/winavr-20100110/bin/../lib/gcc/avr/4.3.3/../../../../avr/lib/avr6\libm.a(sin.o)
                0x00027e1a                sin
 .text.avr-libc.fplib
                0x00027e26       0x84 c:/winavr-20100110/bin/../lib/gcc/avr/4.3.3/../../../../avr/lib/avr6\libm.a(sqrt.o)
                0x00027e2e                sqrt
 .text.avr-libc.fplib
                0x00027eaa       0xc0 c:/winavr-20100110/bin/../lib/gcc/avr/4.3.3/../../../../avr/lib/avr6\libm.a(addsf3x.o)
                0x00027ec4                __addsf3x
 .text.avr-libc.fplib
                0x00027f6a        0xc c:/winavr-20100110/bin/../lib/gcc/avr/4.3.3/../../../../avr/lib/avr6\libm.a(fp_inf.o)
                0x00027f6a                __fp_inf
 .text.avr-libc.fplib
                0x00027f76       0x36 c:/winavr-20100110/bin/../lib/gcc/avr/4.3.3/../../../../avr/lib/avr6\libm.a(fp_mintl.o)
                0x00027f76                __fp_mintl
 .text.avr-libc.fplib
                0x00027fac       0x1c c:/winavr-20100110/bin/../lib/gcc/avr/4.3.3/../../../../avr/lib/avr6\libm.a(fp_mpack.o)
                0x00027fb0                __fp_mpack_finite
                0x00027fac                __fp_mpack
 .text.avr-libc.fplib
                0x00027fc8        0x6 c:/winavr-20100110/bin/../lib/gcc/avr/4.3.3/../../../../avr/lib/avr6\libm.a(fp_nan.o)
                0x00027fc8                __fp_nan
 .text.avr-libc.fplib
                0x00027fce        0xe c:/winavr-20100110/bin/../lib/gcc/avr/4.3.3/../../../../avr/lib/avr6\libm.a(fp_norm2.o)
                0x00027fce                __fp_norm2
 .text.avr-libc.fplib
                0x00027fdc       0x22 c:/winavr-20100110/bin/../lib/gcc/avr/4.3.3/../../../../avr/lib/avr6\libm.a(fp_powsodd.o)
                0x00027fdc                __fp_powsodd
 .text.avr-libc.fplib
                0x00027ffe        0xe c:/winavr-20100110/bin/../lib/gcc/avr/4.3.3/../../../../avr/lib/avr6\libm.a(fp_pscA.o)
                0x00027ffe                __fp_pscA
 .text.avr-libc.fplib
                0x0002800c        0xe c:/winavr-20100110/bin/../lib/gcc/avr/4.3.3/../../../../avr/lib/avr6\libm.a(fp_pscB.o)
                0x0002800c                __fp_pscB
 .text.avr-libc.fplib
                0x0002801a       0x22 c:/winavr-20100110/bin/../lib/gcc/avr/4.3.3/../../../../avr/lib/avr6\libm.a(fp_round.o)
                0x0002801a                __fp_round
 .text.avr-libc.fplib
                0x0002803c        0xe c:/winavr-20100110/bin/../lib/gcc/avr/4.3.3/../../../../avr/lib/avr6\libm.a(fp_zero.o)
                0x0002803c                __fp_zero
                0x0002803e                __fp_szero
 .text.avr-libc.fplib
                0x0002804a       0x4a c:/winavr-20100110/bin/../lib/gcc/avr/4.3.3/../../../../avr/lib/avr6\libm.a(fp_powser.o)
                0x0002804a                __fp_powser
 .text.avr-libc.fplib
                0x00028094       0xc2 c:/winavr-20100110/bin/../lib/gcc/avr/4.3.3/../../../../avr/lib/avr6\libm.a(mulsf3x.o)
                0x000280ac                __mulsf3_pse
                0x000280a8                __mulsf3x
 .text.avr-libc
                0x00028156       0x42 c:/winavr-20100110/bin/../lib/gcc/avr/4.3.3/../../../../avr/lib/avr6\libc.a(dtostrf.o)
                0x00028156                dtostrf
 .text.avr-libc
                0x00028198      0x20a c:/winavr-20100110/bin/../lib/gcc/avr/4.3.3/../../../../avr/lib/avr6\libc.a(malloc.o)
                0x00028198                malloc
                0x000282f2                free
 .text.avr-libc
                0x000283a2       0xd6 c:/winavr-20100110/bin/../lib/gcc/avr/4.3.3/../../../../avr/lib/avr6\libc.a(rand.o)
                0x00028452                rand_r
                0x00028458                rand
                0x00028462                srand
 .text.avr-libc
                0x00028478       0x10 c:/winavr-20100110/bin/../lib/gcc/avr/4.3.3/../../../../avr/lib/avr6\libc.a(toupper.o)
                0x00028478                toupper
 .text.avr-libc
                0x00028488        0xe c:/winavr-20100110/bin/../lib/gcc/avr/4.3.3/../../../../avr/lib/avr6\libc.a(strcpy_P.o)
                0x00028488                strcpy_P
 .text.avr-libc
                0x00028496       0x12 c:/winavr-20100110/bin/../lib/gcc/avr/4.3.3/../../../../avr/lib/avr6\libc.a(memcpy.o)
                0x00028496                memcpy
 .text.avr-libc
                0x000284a8       0x16 c:/winavr-20100110/bin/../lib/gcc/avr/4.3.3/../../../../avr/lib/avr6\libc.a(strcat.o)
                0x000284a8                strcat
 .text.avr-libc
                0x000284be       0x12 c:/winavr-20100110/bin/../lib/gcc/avr/4.3.3/../../../../avr/lib/avr6\libc.a(strcmp.o)
                0x000284be                strcmp
 .text.avr-libc
                0x000284d0        0xe c:/winavr-20100110/bin/../lib/gcc/avr/4.3.3/../../../../avr/lib/avr6\libc.a(strcpy.o)
                0x000284d0                strcpy
 .text.avr-libc
                0x000284de       0x12 c:/winavr-20100110/bin/../lib/gcc/avr/4.3.3/../../../../avr/lib/avr6\libc.a(strlen.o)
                0x000284de                strlen
 .text.avr-libc
                0x000284f0       0x1c c:/winavr-20100110/bin/../lib/gcc/avr/4.3.3/../../../../avr/lib/avr6\libc.a(strncmp.o)
                0x000284f0                strncmp
 .text.avr-libc
                0x0002850c       0x1e c:/winavr-20100110/bin/../lib/gcc/avr/4.3.3/../../../../avr/lib/avr6\libc.a(strncpy.o)
                0x0002850c                strncpy
 .text.avr-libc
                0x0002852a       0x62 c:/winavr-20100110/bin/../lib/gcc/avr/4.3.3/../../../../avr/lib/avr6\libc.a(sprintf.o)
                0x0002852a                sprintf
 .text.avr-libc
                0x0002858c      0x40c c:/winavr-20100110/bin/../lib/gcc/avr/4.3.3/../../../../avr/lib/avr6\libc.a(vfprintf_std.o)
                0x0002858c                vfprintf
 .text.avr-libc
                0x00028998       0x20 c:/winavr-20100110/bin/../lib/gcc/avr/4.3.3/../../../../avr/lib/avr6\libc.a(eerd_block_atmega2560.o)
                0x0002899c                __eerd_blraw_m2560
                0x00028998                __eerd_block_m2560
 .text.avr-libc
                0x000289b8       0x10 c:/winavr-20100110/bin/../lib/gcc/avr/4.3.3/../../../../avr/lib/avr6\libc.a(eerd_byte_atmega2560.o)
                0x000289b8                __eerd_byte_m2560
 .text.avr-libc
                0x000289c8        0xc c:/winavr-20100110/bin/../lib/gcc/avr/4.3.3/../../../../avr/lib/avr6\libc.a(eerd_word_atmega2560.o)
                0x000289c8                __eerd_word_m2560
 .text.avr-libc
                0x000289d4       0x14 c:/winavr-20100110/bin/../lib/gcc/avr/4.3.3/../../../../avr/lib/avr6\libc.a(eewr_block_atmega2560.o)
                0x000289d4                __eewr_block_m2560
 .text.avr-libc
                0x000289e8       0x1c c:/winavr-20100110/bin/../lib/gcc/avr/4.3.3/../../../../avr/lib/avr6\libc.a(eewr_byte_atmega2560.o)
                0x000289ea                __eewr_r18_m2560
                0x000289e8                __eewr_byte_m2560
 .text.avr-libc
                0x00028a04        0xa c:/winavr-20100110/bin/../lib/gcc/avr/4.3.3/../../../../avr/lib/avr6\libc.a(eewr_word_atmega2560.o)
                0x00028a04                __eewr_word_m2560
 .text.avr-libc
                0x00028a0e      0x304 c:/winavr-20100110/bin/../lib/gcc/avr/4.3.3/../../../../avr/lib/avr6\libc.a(dtoa_prf.o)
                0x00028a0e                dtoa_prf
 .text.avr-libc
                0x00028d12      0x1b0 c:/winavr-20100110/bin/../lib/gcc/avr/4.3.3/../../../../avr/lib/avr6\libc.a(ftoa_engine.o)
                0x00028d12                __ftoa_engine
 .text.avr-libc
                0x00028ec2       0x16 c:/winavr-20100110/bin/../lib/gcc/avr/4.3.3/../../../../avr/lib/avr6\libc.a(strnlen_P.o)
                0x00028ec2                strnlen_P
 .text.avr-libc
                0x00028ed8       0x16 c:/winavr-20100110/bin/../lib/gcc/avr/4.3.3/../../../../avr/lib/avr6\libc.a(strnlen.o)
                0x00028ed8                strnlen
 .text.avr-libc
                0x00028eee       0x58 c:/winavr-20100110/bin/../lib/gcc/avr/4.3.3/../../../../avr/lib/avr6\libc.a(fputc.o)
                0x00028eee                fputc
 .text.avr-libc
                0x00028f46       0xbc c:/winavr-20100110/bin/../lib/gcc/avr/4.3.3/../../../../avr/lib/avr6\libc.a(ultoa_invert.o)
                0x00028f46                __ultoa_invert
                0x00029002                . = ALIGN (0x2)
 *(.fini9)
 .fini9         0x00029002        0x0 c:/winavr-20100110/bin/../lib/gcc/avr/4.3.3/avr6\libgcc.a(_exit.o)
                0x00029002                exit
                0x00029002                _exit
 *(.fini9)
 *(.fini8)
 *(.fini8)
 *(.fini7)
 *(.fini7)
 *(.fini6)
 *(.fini6)
 *(.fini5)
 *(.fini5)
 *(.fini4)
 *(.fini4)
 *(.fini3)
 *(.fini3)
 *(.fini2)
 *(.fini2)
 *(.fini1)
 *(.fini1)
 *(.fini0)
 .fini0         0x00029002        0x4 c:/winavr-20100110/bin/../lib/gcc/avr/4.3.3/avr6\libgcc.a(_exit.o)
 *(.fini0)
                0x00029006                _etext = .

.data           0x00800200      0x62a load address 0x00029006
                0x00800200                PROVIDE (__data_start, .)
 *(.data)
 .data          0x00800200        0x0 c:/winavr-20100110/bin/../lib/gcc/avr/4.3.3/../../../../avr/lib/avr6/crtm2560.o
 .data          0x00800200        0x0 ./utils/CPlusPlusUtilities.o
 .data          0x00800200        0x0 ./utils/Math.o
 .data          0x00800200        0x8 ./tetrominos/LBlock.o
                0x00800200                vtable for LBlock
 .data          0x00800208        0x8 ./tetrominos/LineBlock.o
                0x00800208                vtable for LineBlock
 .data          0x00800210        0x8 ./tetrominos/ReverseLBlock.o
                0x00800210                vtable for ReverseLBlock
 .data          0x00800218        0x8 ./tetrominos/ReverseSBlock.o
                0x00800218                vtable for ReverseSBlock
 .data          0x00800220        0x8 ./tetrominos/SBlock.o
                0x00800220                vtable for SBlock
 .data          0x00800228        0x8 ./tetrominos/Square.o
                0x00800228                vtable for Square
 .data          0x00800230        0x8 ./tetrominos/TBlock.o
                0x00800230                vtable for TBlock
 .data          0x00800238        0x8 ./tetrominos/Tetromino.o
                0x00800238                vtable for Tetromino
 .data          0x00800240       0x2c ./screens/GameOverScreen.o
                0x00800260                vtable for GameOverScreen
 .data          0x0080026c       0x3b ./screens/LandingScreen.o
                0x0080029b                vtable for LandingScreen
 .data          0x008002a7       0x57 ./screens/NameEntryScreen.o
                0x008002f2                vtable for NameEntryScreen
 .data          0x008002fe        0xc ./screens/PlayScreen.o
                0x008002fe                vtable for PlayScreen
 .data          0x0080030a        0xc ./screens/Screen.o
                0x0080030a                vtable for Screen
 .data          0x00800316       0xff ./lib/FlashFileSystem.o
                0x0080040f                textColor
                0x00800412                white
 .data          0x00800415        0x0 ./lib/HardwareSerial.o
 .data          0x00800415        0x0 ./lib/HersheyCyrillic.o
 .data          0x00800415       0xc1 ./lib/HersheyFonts.o
 .data          0x008004d6        0x0 ./lib/HersheyGothic.o
 .data          0x008004d6        0x0 ./lib/HersheyGreek.o
 .data          0x008004d6        0x0 ./lib/HersheyRowman.o
 .data          0x008004d6        0x0 ./lib/HersheyScript.o
 .data          0x008004d6        0x0 ./lib/HersheySymbols.o
 .data          0x008004d6        0x0 ./lib/HersheyTimes.o
 .data          0x008004d6        0xf ./lib/Keyboard.o
 .data          0x008004e5        0xc ./lib/Print.o
                0x008004e7                vtable for Print
 .data          0x008004f1        0xe ./lib/SubPGraphics.o
                0x008004fa                gStrokeWeightVal
                0x008004f8                gHeight
                0x008004f6                gWidth
                0x008004f1                fcolor
                0x008004fb                gStrokeEnb
                0x008004f4                gBrightness
                0x008004fc                gFillEnb
 .data          0x008004ff        0x0 ./lib/WRandom.o
 .data          0x008004ff       0x16 ./lib/bmp.o
 .data          0x00800515        0x0 ./lib/calibrate.o
 .data          0x00800515        0x0 ./lib/dataflash.o
 .data          0x00800515        0x0 ./lib/font.o
 .data          0x00800515        0x4 ./lib/graphics.o
                0x00800515                screen
 .data          0x00800519       0x5a ./lib/image_interface.o
 .data          0x00800573       0x5d ./lib/oled_slide.o
                0x00800573                gGammaTable
 .data          0x008005d0        0x0 ./lib/oled_stealth.o
 .data          0x008005d0       0x51 ./lib/startup.o
 .data          0x00800621       0x85 ./lib/touchscreen.o
 .data          0x008006a6        0x0 ./lib/usart.o
 .data          0x008006a6        0x0 ./lib/wiring.o
 .data          0x008006a6        0x1 ./lib/wiring_analog.o
                0x008006a6                analog_reference
 .data          0x008006a7        0x0 ./lib/wiring_digital.o
 .data          0x008006a7        0x0 ./lib/wiring_serial.o
 .data          0x008006a7        0x0 ./layout/blocks/BlockDrawingFunctions.o
 .data          0x008006a7        0x8 ./layout/blocks/GridBlock.o
                0x008006a7                vtable for GridBlock
 .data          0x008006af       0x12 ./layout/BackgroundDrawingFunctions.o
 .data          0x008006c1        0x8 ./layout/Grid.o
                0x008006c1                vtable for Grid
 .data          0x008006c9        0x8 ./controls/keyboard/NameEntryBox.o
                0x008006c9                vtable for NameEntryBox
 .data          0x008006d1        0x8 ./controls/keyboard/OnScreenKey.o
                0x008006d1                vtable for OnScreenKey
 .data          0x008006d9        0x8 ./controls/keyboard/OnScreenKeyboard.o
                0x008006d9                vtable for OnScreenKeyboard
 .data          0x008006e1        0x8 ./controls/InputShield.o
                0x008006e1                vtable for InputShield
 .data          0x008006e9        0x8 ./controller/GridMaster.o
                0x008006e9                vtable for GridMaster
 .data          0x008006f1        0x8 ./controller/StatsMaster.o
                0x008006f1                vtable for StatsMaster
 .data          0x008006f9        0x8 ./controller/TetrominoGenerator.o
                0x008006f9                vtable for TetrominoGenerator
 .data          0x00800701       0x17 ./Tetris.o
 .data          0x00800718        0x0 c:/winavr-20100110/bin/../lib/gcc/avr/4.3.3/avr6\libgcc.a(_mulsi3.o)
 .data          0x00800718        0x0 c:/winavr-20100110/bin/../lib/gcc/avr/4.3.3/avr6\libgcc.a(_udivmodqi4.o)
 .data          0x00800718        0x0 c:/winavr-20100110/bin/../lib/gcc/avr/4.3.3/avr6\libgcc.a(_udivmodhi4.o)
 .data          0x00800718        0x0 c:/winavr-20100110/bin/../lib/gcc/avr/4.3.3/avr6\libgcc.a(_divmodhi4.o)
 .data          0x00800718        0x0 c:/winavr-20100110/bin/../lib/gcc/avr/4.3.3/avr6\libgcc.a(_udivmodsi4.o)
 .data          0x00800718        0x0 c:/winavr-20100110/bin/../lib/gcc/avr/4.3.3/avr6\libgcc.a(_divmodsi4.o)
 .data          0x00800718        0x0 c:/winavr-20100110/bin/../lib/gcc/avr/4.3.3/avr6\libgcc.a(_exit.o)
 .data          0x00800718        0x0 c:/winavr-20100110/bin/../lib/gcc/avr/4.3.3/avr6\libgcc.a(_clear_bss.o)
 .data          0x00800718        0x0 c:/winavr-20100110/bin/../lib/gcc/avr/4.3.3/avr6\libgcc.a(_ctors.o)
 .data          0x00800718        0x0 c:/winavr-20100110/bin/../lib/gcc/avr/4.3.3/avr6\libgcc.a(_fixunssfsi.o)
 .data          0x00800718        0x0 c:/winavr-20100110/bin/../lib/gcc/avr/4.3.3/avr6\libgcc.a(_addsub_sf.o)
 .data          0x00800718        0x0 c:/winavr-20100110/bin/../lib/gcc/avr/4.3.3/avr6\libgcc.a(_mul_sf.o)
 .data          0x00800718        0x0 c:/winavr-20100110/bin/../lib/gcc/avr/4.3.3/avr6\libgcc.a(_div_sf.o)
 .data          0x00800718        0x0 c:/winavr-20100110/bin/../lib/gcc/avr/4.3.3/avr6\libgcc.a(_gt_sf.o)
 .data          0x00800718        0x0 c:/winavr-20100110/bin/../lib/gcc/avr/4.3.3/avr6\libgcc.a(_ge_sf.o)
 .data          0x00800718        0x0 c:/winavr-20100110/bin/../lib/gcc/avr/4.3.3/avr6\libgcc.a(_lt_sf.o)
 .data          0x00800718        0x0 c:/winavr-20100110/bin/../lib/gcc/avr/4.3.3/avr6\libgcc.a(_le_sf.o)
 .data          0x00800718        0x0 c:/winavr-20100110/bin/../lib/gcc/avr/4.3.3/avr6\libgcc.a(_si_to_sf.o)
 .data          0x00800718        0x0 c:/winavr-20100110/bin/../lib/gcc/avr/4.3.3/avr6\libgcc.a(_sf_to_si.o)
 .data          0x00800718        0x8 c:/winavr-20100110/bin/../lib/gcc/avr/4.3.3/avr6\libgcc.a(_thenan_sf.o)
                0x00800718                __thenan_sf
 .data          0x00800720        0x0 c:/winavr-20100110/bin/../lib/gcc/avr/4.3.3/avr6\libgcc.a(_usi_to_sf.o)
 .data          0x00800720        0x0 c:/winavr-20100110/bin/../lib/gcc/avr/4.3.3/avr6\libgcc.a(_prologue.o)
 .data          0x00800720        0x0 c:/winavr-20100110/bin/../lib/gcc/avr/4.3.3/avr6\libgcc.a(_epilogue.o)
 .data          0x00800720        0x0 c:/winavr-20100110/bin/../lib/gcc/avr/4.3.3/avr6\libgcc.a(_tablejump.o)
 .data          0x00800720        0x0 c:/winavr-20100110/bin/../lib/gcc/avr/4.3.3/avr6\libgcc.a(_clzsi2.o)
 .data          0x00800720        0x0 c:/winavr-20100110/bin/../lib/gcc/avr/4.3.3/avr6\libgcc.a(_pack_sf.o)
 .data          0x00800720        0x0 c:/winavr-20100110/bin/../lib/gcc/avr/4.3.3/avr6\libgcc.a(_unpack_sf.o)
 .data          0x00800720        0x0 c:/winavr-20100110/bin/../lib/gcc/avr/4.3.3/avr6\libgcc.a(_fpcmp_parts_sf.o)
 .data          0x00800720      0x100 c:/winavr-20100110/bin/../lib/gcc/avr/4.3.3/avr6\libgcc.a(_clz.o)
                0x00800720                __clz_tab
 .data          0x00800820        0x0 c:/winavr-20100110/bin/../lib/gcc/avr/4.3.3/../../../../avr/lib/avr6\libm.a(cos.o)
 .data          0x00800820        0x0 c:/winavr-20100110/bin/../lib/gcc/avr/4.3.3/../../../../avr/lib/avr6\libm.a(fp_rempio2.o)
 .data          0x00800820        0x0 c:/winavr-20100110/bin/../lib/gcc/avr/4.3.3/../../../../avr/lib/avr6\libm.a(fp_sinus.o)
 .data          0x00800820        0x0 c:/winavr-20100110/bin/../lib/gcc/avr/4.3.3/../../../../avr/lib/avr6\libm.a(fp_split3.o)
 .data          0x00800820        0x0 c:/winavr-20100110/bin/../lib/gcc/avr/4.3.3/../../../../avr/lib/avr6\libm.a(round.o)
 .data          0x00800820        0x0 c:/winavr-20100110/bin/../lib/gcc/avr/4.3.3/../../../../avr/lib/avr6\libm.a(sin.o)
 .data          0x00800820        0x0 c:/winavr-20100110/bin/../lib/gcc/avr/4.3.3/../../../../avr/lib/avr6\libm.a(sqrt.o)
 .data          0x00800820        0x0 c:/winavr-20100110/bin/../lib/gcc/avr/4.3.3/../../../../avr/lib/avr6\libm.a(addsf3x.o)
 .data          0x00800820        0x0 c:/winavr-20100110/bin/../lib/gcc/avr/4.3.3/../../../../avr/lib/avr6\libm.a(fp_inf.o)
 .data          0x00800820        0x0 c:/winavr-20100110/bin/../lib/gcc/avr/4.3.3/../../../../avr/lib/avr6\libm.a(fp_mintl.o)
 .data          0x00800820        0x0 c:/winavr-20100110/bin/../lib/gcc/avr/4.3.3/../../../../avr/lib/avr6\libm.a(fp_mpack.o)
 .data          0x00800820        0x0 c:/winavr-20100110/bin/../lib/gcc/avr/4.3.3/../../../../avr/lib/avr6\libm.a(fp_nan.o)
 .data          0x00800820        0x0 c:/winavr-20100110/bin/../lib/gcc/avr/4.3.3/../../../../avr/lib/avr6\libm.a(fp_norm2.o)
 .data          0x00800820        0x0 c:/winavr-20100110/bin/../lib/gcc/avr/4.3.3/../../../../avr/lib/avr6\libm.a(fp_powsodd.o)
 .data          0x00800820        0x0 c:/winavr-20100110/bin/../lib/gcc/avr/4.3.3/../../../../avr/lib/avr6\libm.a(fp_pscA.o)
 .data          0x00800820        0x0 c:/winavr-20100110/bin/../lib/gcc/avr/4.3.3/../../../../avr/lib/avr6\libm.a(fp_pscB.o)
 .data          0x00800820        0x0 c:/winavr-20100110/bin/../lib/gcc/avr/4.3.3/../../../../avr/lib/avr6\libm.a(fp_round.o)
 .data          0x00800820        0x0 c:/winavr-20100110/bin/../lib/gcc/avr/4.3.3/../../../../avr/lib/avr6\libm.a(fp_zero.o)
 .data          0x00800820        0x0 c:/winavr-20100110/bin/../lib/gcc/avr/4.3.3/../../../../avr/lib/avr6\libm.a(fp_powser.o)
 .data          0x00800820        0x0 c:/winavr-20100110/bin/../lib/gcc/avr/4.3.3/../../../../avr/lib/avr6\libm.a(mulsf3x.o)
 .data          0x00800820        0x0 c:/winavr-20100110/bin/../lib/gcc/avr/4.3.3/../../../../avr/lib/avr6\libc.a(dtostrf.o)
 .data          0x00800820        0x6 c:/winavr-20100110/bin/../lib/gcc/avr/4.3.3/../../../../avr/lib/avr6\libc.a(malloc.o)
                0x00800822                __malloc_heap_start
                0x00800824                __malloc_heap_end
                0x00800820                __malloc_margin
 .data          0x00800826        0x4 c:/winavr-20100110/bin/../lib/gcc/avr/4.3.3/../../../../avr/lib/avr6\libc.a(rand.o)
 .data          0x0080082a        0x0 c:/winavr-20100110/bin/../lib/gcc/avr/4.3.3/../../../../avr/lib/avr6\libc.a(toupper.o)
 .data          0x0080082a        0x0 c:/winavr-20100110/bin/../lib/gcc/avr/4.3.3/../../../../avr/lib/avr6\libc.a(strcpy_P.o)
 .data          0x0080082a        0x0 c:/winavr-20100110/bin/../lib/gcc/avr/4.3.3/../../../../avr/lib/avr6\libc.a(memcpy.o)
 .data          0x0080082a        0x0 c:/winavr-20100110/bin/../lib/gcc/avr/4.3.3/../../../../avr/lib/avr6\libc.a(strcat.o)