Archive member included because of file (symbol)

c:/winavr-20100110/bin/../lib/gcc/avr/4.3.3/avr6\libgcc.a(_mulsi3.o)
                              ./lib/FlashFileSystem.o (__mulsi3)
c:/winavr-20100110/bin/../lib/gcc/avr/4.3.3/avr6\libgcc.a(_udivmodqi4.o)
                              ./lib/HersheyFonts.o (__udivmodqi4)
c:/winavr-20100110/bin/../lib/gcc/avr/4.3.3/avr6\libgcc.a(_udivmodhi4.o)
                              ./lib/touchscreen.o (__udivmodhi4)
c:/winavr-20100110/bin/../lib/gcc/avr/4.3.3/avr6\libgcc.a(_divmodhi4.o)
                              ./lib/HersheyFonts.o (__divmodhi4)
c:/winavr-20100110/bin/../lib/gcc/avr/4.3.3/avr6\libgcc.a(_udivmodsi4.o)
                              ./lib/HardwareSerial.o (__udivmodsi4)
c:/winavr-20100110/bin/../lib/gcc/avr/4.3.3/avr6\libgcc.a(_divmodsi4.o)
                              ./lib/FlashFileSystem.o (__divmodsi4)
c:/winavr-20100110/bin/../lib/gcc/avr/4.3.3/avr6\libgcc.a(_exit.o)
                              c:/winavr-20100110/bin/../lib/gcc/avr/4.3.3/../../../../avr/lib/avr6/crtm2560.o (exit)
c:/winavr-20100110/bin/../lib/gcc/avr/4.3.3/avr6\libgcc.a(_clear_bss.o)
                              ./lib/FlashFileSystem.o (__do_clear_bss)
c:/winavr-20100110/bin/../lib/gcc/avr/4.3.3/avr6\libgcc.a(_ctors.o)
                              ./lib/HardwareSerial.o (__do_global_ctors)
c:/winavr-20100110/bin/../lib/gcc/avr/4.3.3/avr6\libgcc.a(_fixunssfsi.o)
                              ./lib/Print.o (__fixunssfsi)
c:/winavr-20100110/bin/../lib/gcc/avr/4.3.3/avr6\libgcc.a(_addsub_sf.o)
                              ./lib/Print.o (__subsf3)
c:/winavr-20100110/bin/../lib/gcc/avr/4.3.3/avr6\libgcc.a(_mul_sf.o)
                              ./lib/Print.o (__mulsf3)
c:/winavr-20100110/bin/../lib/gcc/avr/4.3.3/avr6\libgcc.a(_div_sf.o)
                              ./lib/Print.o (__divsf3)
c:/winavr-20100110/bin/../lib/gcc/avr/4.3.3/avr6\libgcc.a(_ge_sf.o)
                              ./lib/SubPGraphics.o (__gesf2)
c:/winavr-20100110/bin/../lib/gcc/avr/4.3.3/avr6\libgcc.a(_lt_sf.o)
                              ./lib/Print.o (__ltsf2)
c:/winavr-20100110/bin/../lib/gcc/avr/4.3.3/avr6\libgcc.a(_le_sf.o)
                              ./lib/SubPGraphics.o (__lesf2)
c:/winavr-20100110/bin/../lib/gcc/avr/4.3.3/avr6\libgcc.a(_si_to_sf.o)
                              ./lib/Print.o (__floatsisf)
c:/winavr-20100110/bin/../lib/gcc/avr/4.3.3/avr6\libgcc.a(_sf_to_si.o)
                              ./lib/Print.o (__fixsfsi)
c:/winavr-20100110/bin/../lib/gcc/avr/4.3.3/avr6\libgcc.a(_thenan_sf.o)
                              c:/winavr-20100110/bin/../lib/gcc/avr/4.3.3/avr6\libgcc.a(_addsub_sf.o) (__thenan_sf)
c:/winavr-20100110/bin/../lib/gcc/avr/4.3.3/avr6\libgcc.a(_usi_to_sf.o)
                              ./lib/Print.o (__floatunsisf)
c:/winavr-20100110/bin/../lib/gcc/avr/4.3.3/avr6\libgcc.a(_prologue.o)
                              c:/winavr-20100110/bin/../lib/gcc/avr/4.3.3/avr6\libgcc.a(_addsub_sf.o) (__prologue_saves__)
c:/winavr-20100110/bin/../lib/gcc/avr/4.3.3/avr6\libgcc.a(_epilogue.o)
                              c:/winavr-20100110/bin/../lib/gcc/avr/4.3.3/avr6\libgcc.a(_addsub_sf.o) (__epilogue_restores__)
c:/winavr-20100110/bin/../lib/gcc/avr/4.3.3/avr6\libgcc.a(_tablejump.o)
                              c:/winavr-20100110/bin/../lib/gcc/avr/4.3.3/avr6\libgcc.a(_ctors.o) (__tablejump__)
c:/winavr-20100110/bin/../lib/gcc/avr/4.3.3/avr6\libgcc.a(_clzsi2.o)
                              c:/winavr-20100110/bin/../lib/gcc/avr/4.3.3/avr6\libgcc.a(_si_to_sf.o) (__clzsi2)
c:/winavr-20100110/bin/../lib/gcc/avr/4.3.3/avr6\libgcc.a(_pack_sf.o)
                              c:/winavr-20100110/bin/../lib/gcc/avr/4.3.3/avr6\libgcc.a(_addsub_sf.o) (__pack_f)
c:/winavr-20100110/bin/../lib/gcc/avr/4.3.3/avr6\libgcc.a(_unpack_sf.o)
                              c:/winavr-20100110/bin/../lib/gcc/avr/4.3.3/avr6\libgcc.a(_addsub_sf.o) (__unpack_f)
c:/winavr-20100110/bin/../lib/gcc/avr/4.3.3/avr6\libgcc.a(_fpcmp_parts_sf.o)
                              c:/winavr-20100110/bin/../lib/gcc/avr/4.3.3/avr6\libgcc.a(_ge_sf.o) (__fpcmp_parts_f)
c:/winavr-20100110/bin/../lib/gcc/avr/4.3.3/avr6\libgcc.a(_clz.o)
                              c:/winavr-20100110/bin/../lib/gcc/avr/4.3.3/avr6\libgcc.a(_clzsi2.o) (__clz_tab)
c:/winavr-20100110/bin/../lib/gcc/avr/4.3.3/../../../../avr/lib/avr6\libm.a(cos.o)
                              ./lib/SubPGraphics.o (cos)
c:/winavr-20100110/bin/../lib/gcc/avr/4.3.3/../../../../avr/lib/avr6\libm.a(fp_rempio2.o)
                              c:/winavr-20100110/bin/../lib/gcc/avr/4.3.3/../../../../avr/lib/avr6\libm.a(cos.o) (__fp_rempio2)
c:/winavr-20100110/bin/../lib/gcc/avr/4.3.3/../../../../avr/lib/avr6\libm.a(fp_sinus.o)
                              c:/winavr-20100110/bin/../lib/gcc/avr/4.3.3/../../../../avr/lib/avr6\libm.a(cos.o) (__fp_sinus)
[...]
Memory Configuration

Name             Origin             Length             Attributes
text             0x00000000         0x00100000         xr
data             0x00800200         0x0000fe00         rw !x
eeprom           0x00810000         0x00010000         rw !x
fuse             0x00820000         0x00000400         rw !x
lock             0x00830000         0x00000400         rw !x
signature        0x00840000         0x00000400         rw !x
*default*        0x00000000         0xffffffff

Linker script and memory map

Address of section .data set to 0x800200
LOAD c:/winavr-20100110/bin/../lib/gcc/avr/4.3.3/../../../../avr/lib/avr6/crtm2560.o
LOAD ./utils/CPlusPlusUtilities.o
LOAD ./utils/Math.o
LOAD ./tetrominos/LBlock.o
LOAD ./tetrominos/LineBlock.o
LOAD ./tetrominos/ReverseLBlock.o
LOAD ./tetrominos/ReverseSBlock.o
LOAD ./tetrominos/SBlock.o
LOAD ./tetrominos/Square.o
LOAD ./tetrominos/TBlock.o
LOAD ./tetrominos/Tetromino.o
LOAD ./screens/GameOverScreen.o
LOAD ./screens/LandingScreen.o
LOAD ./screens/NameEntryScreen.o
LOAD ./screens/PlayScreen.o
LOAD ./screens/Screen.o
LOAD ./lib/FlashFileSystem.o
LOAD ./lib/HardwareSerial.o
LOAD ./lib/HersheyCyrillic.o
LOAD ./lib/HersheyFonts.o
LOAD ./lib/HersheyGothic.o
LOAD ./lib/HersheyGreek.o
LOAD ./lib/HersheyRowman.o
LOAD ./lib/HersheyScript.o
LOAD ./lib/HersheySymbols.o
LOAD ./lib/HersheyTimes.o
LOAD ./lib/Keyboard.o
LOAD ./lib/Print.o
LOAD ./lib/SubPGraphics.o
LOAD ./lib/WRandom.o
LOAD ./lib/bmp.o
LOAD ./lib/calibrate.o
LOAD ./lib/dataflash.o
LOAD ./lib/font.o
LOAD ./lib/graphics.o
LOAD ./lib/image_interface.o
LOAD ./lib/oled_slide.o
LOAD ./lib/oled_stealth.o
LOAD ./lib/startup.o
LOAD ./lib/touchscreen.o
LOAD ./lib/usart.o
LOAD ./lib/wiring.o
LOAD ./lib/wiring_analog.o
LOAD ./lib/wiring_digital.o
LOAD ./lib/wiring_serial.o
LOAD ./layout/blocks/BlockDrawingFunctions.o
LOAD ./layout/blocks/GridBlock.o
LOAD ./layout/BackgroundDrawingFunctions.o
LOAD ./layout/Grid.o
LOAD ./data/HiScores.o
LOAD ./controls/keyboard/NameEntryBox.o
LOAD ./controls/keyboard/OnScreenKey.o
LOAD ./controls/keyboard/OnScreenKeyboard.o
LOAD ./controls/InputShield.o
LOAD ./controller/GridMaster.o
LOAD ./controller/StatsMaster.o
LOAD ./controller/TetrominoGenerator.o
LOAD ./Tetris.o
LOAD c:/winavr-20100110/bin/../lib/gcc/avr/4.3.3/avr6\libgcc.a
LOAD c:/winavr-20100110/bin/../lib/gcc/avr/4.3.3/../../../../avr/lib/avr6\libm.a
LOAD c:/winavr-20100110/bin/../lib/gcc/avr/4.3.3/avr6\libgcc.a
LOAD c:/winavr-20100110/bin/../lib/gcc/avr/4.3.3/../../../../avr/lib/avr6\libc.a
LOAD c:/winavr-20100110/bin/../lib/gcc/avr/4.3.3/avr6\libgcc.a

.hash
 *(.hash)

.dynsym
 *(.dynsym)

.dynstr
 *(.dynstr)

.gnu.version
 *(.gnu.version)

.gnu.version_d
 *(.gnu.version_d)

.gnu.version_r
 *(.gnu.version_r)

.rel.init
 *(.rel.init)

.rela.init
 *(.rela.init)

.rel.text
 *(.rel.text)
 *(.rel.text.*)
 *(.rel.gnu.linkonce.t*)

.rela.text
 *(.rela.text)
 *(.rela.text.*)
 *(.rela.gnu.linkonce.t*)

.rel.fini
 *(.rel.fini)

.rela.fini
 *(.rela.fini)

.rel.rodata
 *(.rel.rodata)
 *(.rel.rodata.*)
 *(.rel.gnu.linkonce.r*)

.rela.rodata
 *(.rela.rodata)
 *(.rela.rodata.*)
 *(.rela.gnu.linkonce.r*)

.rel.data
 *(.rel.data)
 *(.rel.data.*)
 *(.rel.gnu.linkonce.d*)

.rela.data
 *(.rela.data)
 *(.rela.data.*)
 *(.rela.gnu.linkonce.d*)

.rel.ctors
 *(.rel.ctors)

.rela.ctors
 *(.rela.ctors)

.rel.dtors
 *(.rel.dtors)

.rela.dtors
 *(.rela.dtors)

.rel.got
 *(.rel.got)

.rela.got
 *(.rela.got)

.rel.bss
 *(.rel.bss)

.rela.bss
 *(.rela.bss)

.rel.plt
 *(.rel.plt)

.rela.plt
 *(.rela.plt)

.text           0x00000000    0x18ba6
 *(.vectors)
 .vectors       0x00000000       0xe4 c:/winavr-20100110/bin/../lib/gcc/avr/4.3.3/../../../../avr/lib/avr6/crtm2560.o
                0x00000000                __vectors
                0x00000000                __vector_default
 *(.vectors)
 *(.progmem.gcc*)
 .progmem.gcc_sw_table
                0x000000e4       0x22 ./lib/SubPGraphics.o
 .progmem.gcc_fplib
                0x00000106       0x1e c:/winavr-20100110/bin/../lib/gcc/avr/4.3.3/../../../../avr/lib/avr6\libm.a(fp_sinus.o)
 *(.progmem*)
 .progmem.data  0x00000124      0xbe7 ./lib/HersheyFonts.o
                0x0000047d                gHersheyDefault_3D
                0x000003c6                gHersheyDefault_38
                0x000003b7                gHersheyDefault_37
                0x00000c46                gHersheyDefault_80
                0x0000015d                gHersheyDefault_23
                0x00000178                gHersheyDefault_24
                0x00000820                gHersheyDefault_5E
                0x000006d3                gHersheyDefault_51
                0x0000059b                gHersheyDefault_45
                0x00000bca                gHersheyDefault_7E
                0x000002a0                gHersheyDefault_2C
                0x0000094e                gHersheyDefault_68
                0x0000054f                gHersheyDefault_43
                0x00000453                gHersheyDefault_3B
                0x00000134                gHersheyDefault_20
                0x000007e1                gHersheyDefault_5B
                0x000004c4                gHersheyDefault_40
                0x000007ac                gHersheyDefault_58
                0x00000782                gHersheyDefault_56
                0x00000769                gHersheyDefault_55
                0x00000a1e                gHersheyDefault_70
                0x000005fc                gHersheyDefault_48
                0x00000329                gHersheyDefault_33
                0x00000ad6                gHersheyDefault_76
                0x0000027c                gHersheyDefault_2A
                0x00000497                gHersheyDefault_3F
                0x000009de                gHersheyDefault_6E
                0x0000084b                gHersheyDefault_61
                0x00000899                gHersheyDefault_63
                0x00000b00                gHersheyDefault_78
                0x0000035d                gHersheyDefault_35
                0x00000685                gHersheyDefault_4F
                0x00000633                gHersheyDefault_4B
                0x0000024a                gHersheyDefault_28
                0x0000048c                gHersheyDefault_3E
                0x000001b1                gHersheyDefault_25
                0x00000648                gHersheyDefault_4C
                0x00000b3b                gHersheyDefault_7B
                0x00000908                gHersheyDefault_66
                0x000005b6                gHersheyDefault_46
                0x00000805                gHersheyDefault_5D
                0x000002bc                gHersheyDefault_2E
                0x00000291                gHersheyDefault_2B
                0x000009b5                gHersheyDefault_6D
                0x0000072d                gHersheyDefault_53
                0x00000507                gHersheyDefault_41
                0x000007bb                gHersheyDefault_59
                0x000007fc                gHersheyDefault_5C
                0x00000124                gHersheyDefault_00
                0x000007cc                gHersheyDefault_5A
                0x00000237                gHersheyDefault_27
                0x000002fb                gHersheyDefault_31
                0x00000a45                gHersheyDefault_71
                0x00000b7e                gHersheyDefault_7C
                0x00000c49                gHershyFontTable
                0x00000aa8                gHersheyDefault_74
                0x00000611                gHersheyDefault_49
                0x000005cb                gHersheyDefault_47
                0x0000097c                gHersheyDefault_6A
                0x000009f7                gHersheyDefault_6F
                0x000008ba                gHersheyDefault_64
                0x00000405                gHersheyDefault_39
                0x00000263                gHersheyDefault_29
                0x00000838                gHersheyDefault_60
                0x0000034c                gHersheyDefault_34
                0x00000b0f                gHersheyDefault_79
                0x00000ae5                gHersheyDefault_77
                0x00000384                gHersheyDefault_36
                0x0000082f                gHersheyDefault_5F
                0x00000670                gHersheyDefault_4E
                0x0000014e                gHersheyDefault_22
                0x0000061a                gHersheyDefault_4A
                0x00000578                gHersheyDefault_44
                0x00000bfd                gHersheyDefault_7F
                0x00000472                gHersheyDefault_3C
                0x000006b4                gHersheyDefault_50
                0x00000655                gHersheyDefault_4D
                0x00000139                gHersheyDefault_21
                0x00000b26                gHersheyDefault_7A
                0x0000091d                gHersheyDefault_67
                0x000008e1                gHersheyDefault_65
                0x00000791                gHersheyDefault_57
                0x000002cb                gHersheyDefault_2F
                0x0000051c                gHersheyDefault_42
                0x000002b3                gHersheyDefault_2D
                0x000009ac                gHersheyDefault_6C
                0x0000075a                gHersheyDefault_54
                0x00000708                gHersheyDefault_52
                0x00000967                gHersheyDefault_69
                0x00000b87                gHersheyDefault_7D
                0x00000308                gHersheyDefault_32
                0x00000a6c                gHersheyDefault_72
                0x00000abd                gHersheyDefault_75
                0x00000438                gHersheyDefault_3A
                0x00000872                gHersheyDefault_62
                0x000001f4                gHersheyDefault_26
                0x00000997                gHersheyDefault_6B
                0x00000a81                gHersheyDefault_73
                0x000002d4                gHersheyDefault_30
 .progmem.data  0x00000d0b     0x222d ./lib/HersheyRowman.o
                0x00001e29                gRowmanTri_51
                0x00000f30                gRowmanTri_28
                0x000013e0                gRowmanTri_38
                0x00001387                gRowmanTri_37
                0x00002798                gRowmanTri_6C
                0x0000107f                gRowmanTri_2F
                0x000022b4                gRowmanTri_5E
                0x00001cf0                gRowmanTri_4E
                0x00002cad                gRowmanTri_79
                0x000012fa                gRowmanTri_36
                0x00002b24                gRowmanTri_74
                0x000010f9                gRowmanTri_31
                0x00002420                gRowmanTri_64
                0x00001481                gRowmanTri_39
                0x00002986                gRowmanTri_70
                0x00002e37                gRowmanTri_7F
                0x000015a4                gRowmanTri_3C
                0x00002a01                gRowmanTri_71
                0x00002acb                gRowmanTri_73
                0x00001092                gRowmanTri_30
                0x000017f2                gRowmanTri_44
                0x000027d9                gRowmanTri_6D
                0x000021bd                gRowmanTri_59
                0x0000214e                gRowmanTri_58
                0x000024e0                gRowmanTri_66
                0x00000d1f                gRowmanTri_21
                0x000015af                gRowmanTri_3D
                0x00001ec6                gRowmanTri_52
                0x00000f69                gRowmanTri_29
                0x00002d55                gRowmanTri_7B
                0x00001c6f                gRowmanTri_4D
                0x00002299                gRowmanTri_5D
                0x000016bb                gRowmanTri_41
                0x00002533                gRowmanTri_67
                0x00000d66                gRowmanTri_22
                0x00000e66                gRowmanTri_26
                0x00002bac                gRowmanTri_76
                0x000011b3                gRowmanTri_33
                0x00002309                gRowmanTri_61
                0x00001b1a                gRowmanTri_4A
                0x00002378                gRowmanTri_62
                0x00002e76                gHershyRowmanTriplexFontTable
                0x000019a9                gRowmanTri_47
                0x000017a5                gRowmanTri_43
                0x00000ff3                gRowmanTri_2B
                0x00002db1                gRowmanTri_7D
                0x0000150e                gRowmanTri_3A
                0x000025e8                gRowmanTri_68
                0x00000d95                gRowmanTri_23
                0x000015dd                gRowmanTri_3F
                0x00001648                gRowmanTri_40
                0x00001fc4                gRowmanTri_54
                0x00001a24                gRowmanTri_48
                0x00002220                gRowmanTri_5A
                0x00001b77                gRowmanTri_4B
                0x00002c4a                gRowmanTri_78
                0x00001289                gRowmanTri_35
                0x00000e23                gRowmanTri_25
                0x0000105c                gRowmanTri_2E
                0x0000191a                gRowmanTri_46
                0x00002275                gRowmanTri_5B
                0x00002927                gRowmanTri_6F
                0x00000fa2                gRowmanTri_2A
                0x00002039                gRowmanTri_55
                0x000023d9                gRowmanTri_63
                0x000026c6                gRowmanTri_6A
                0x00001871                gRowmanTri_45
                0x000015d2                gRowmanTri_3E
                0x000028a2                gRowmanTri_6E
                0x00001f69                gRowmanTri_53
                0x00002da8                gRowmanTri_7C
                0x00001706                gRowmanTri_42
                0x00002096                gRowmanTri_56
                0x00001d41                gRowmanTri_4F
                0x00002d00                gRowmanTri_7A
                0x00001db0                gRowmanTri_50
                0x00001ac9                gRowmanTri_49
                0x0000266d                gRowmanTri_69
                0x00000db0                gRowmanTri_24
                0x00002290                gRowmanTri_5C
                0x00001c04                gRowmanTri_4C
                0x00002bed                gRowmanTri_77
                0x0000124e                gRowmanTri_34
                0x000022cd                gRowmanTri_5F
                0x00001016                gRowmanTri_2C
                0x00002b53                gRowmanTri_75
                0x00001134                gRowmanTri_32
                0x000020dd                gRowmanTri_57
                0x000022d6                gRowmanTri_60
                0x0000248b                gRowmanTri_65
                0x00000d1a                gRowmanTri_20
                0x00001049                gRowmanTri_2D
                0x0000271b                gRowmanTri_6B
                0x00000efd                gRowmanTri_27
                0x00002a72                gRowmanTri_72
                0x00000d0b                gRowmanTri_00
                0x00002e04                gRowmanTri_7E
                0x00001551                gRowmanTri_3B
 .progmem.data  0x00002f38       0x11 ./lib/SubPGraphics.o
                0x00002f38                g7SegmentDisplay
 .progmem.data  0x00002f49     0x1e42 ./lib/font.o
                0x00004a9b                gFont_5x7
                0x00002f49                gXLarge_nums
                0x00004845                gLarge_nums
 .progmem.data  0x00004d8b      0xb38 ./lib/startup.o
                0x00004d8b                gLWstartupLogo
 .progmem.data  0x000058c3       0xfa c:/winavr-20100110/bin/../lib/gcc/avr/4.3.3/../../../../avr/lib/avr6\libc.a(ftoa_engine.o)
                0x000059be                . = ALIGN (0x2)
 *fill*         0x000059bd        0x1 00
                0x000059be                __trampolines_start = .
 *(.trampolines)
 .trampolines   0x000059be        0x0 linker stubs
 *(.trampolines*)
                0x000059be                __trampolines_end = .
 *(.jumptables)
 *(.jumptables*)
 *(.lowtext)
 *(.lowtext*)
                0x000059be                __ctors_start = .
 *(.ctors)
 .ctors         0x000059be        0x2 ./lib/HardwareSerial.o
 .ctors         0x000059c0        0x2 ./lib/SubPGraphics.o
                0x000059c2                __ctors_end = .
                0x000059c2                __dtors_start = .
 *(.dtors)
                0x000059c2                __dtors_end = .
 SORT(*)(.ctors)
 SORT(*)(.dtors)
 *(.init0)
 .init0         0x000059c2        0x0 c:/winavr-20100110/bin/../lib/gcc/avr/4.3.3/../../../../avr/lib/avr6/crtm2560.o
                0x000059c2                __init
 *(.init0)
 *(.init1)
 *(.init1)
 *(.init2)
 .init2         0x000059c2       0x10 c:/winavr-20100110/bin/../lib/gcc/avr/4.3.3/../../../../avr/lib/avr6/crtm2560.o
 *(.init2)
 *(.init3)
 *(.init3)
 *(.init4)
 .init4         0x000059d2       0x1a c:/winavr-20100110/bin/../lib/gcc/avr/4.3.3/../../../../avr/lib/avr6/crtm2560.o
                0x000059d2                __do_copy_data
 .init4         0x000059ec       0x10 c:/winavr-20100110/bin/../lib/gcc/avr/4.3.3/avr6\libgcc.a(_clear_bss.o)
                0x000059ec                __do_clear_bss
 *(.init4)
 *(.init5)
 *(.init5)
 *(.init6)
 .init6         0x000059fc       0x16 c:/winavr-20100110/bin/../lib/gcc/avr/4.3.3/avr6\libgcc.a(_ctors.o)
                0x000059fc                __do_global_ctors
 *(.init6)
 *(.init7)
 *(.init7)
 *(.init8)
 *(.init8)
 *(.init9)
 .init9         0x00005a12        0x8 c:/winavr-20100110/bin/../lib/gcc/avr/4.3.3/../../../../avr/lib/avr6/crtm2560.o
 *(.init9)
 *(.text)
 .text          0x00005a1a        0x4 c:/winavr-20100110/bin/../lib/gcc/avr/4.3.3/../../../../avr/lib/avr6/crtm2560.o
                0x00005a1a                __vector_38
                0x00005a1a                __vector_22
                0x00005a1a                __vector_28
                0x00005a1a                __vector_1
                0x00005a1a                __vector_32
                0x00005a1a                __vector_34
                0x00005a1a                __vector_24
                0x00005a1a                __vector_12
                0x00005a1a                __vector_55
                0x00005a1a                __vector_46
                0x00005a1a                __bad_interrupt
                0x00005a1a                __vector_6
                0x00005a1a                __vector_31
                0x00005a1a                __vector_35
                0x00005a1a                __vector_39
                0x00005a1a                __vector_3
                0x00005a1a                __vector_30
                0x00005a1a                __vector_45
                0x00005a1a                __vector_25
                0x00005a1a                __vector_11
                0x00005a1a                __vector_54
                0x00005a1a                __vector_13
                0x00005a1a                __vector_17
                0x00005a1a                __vector_19
                0x00005a1a                __vector_56
                0x00005a1a                __vector_7
                0x00005a1a                __vector_49
                0x00005a1a                __vector_41
                0x00005a1a                __vector_43
                0x00005a1a                __vector_27
                0x00005a1a                __vector_5
                0x00005a1a                __vector_33
                0x00005a1a                __vector_47
                0x00005a1a                __vector_52
                0x00005a1a                __vector_37
                0x00005a1a                __vector_4
                0x00005a1a                __vector_44
                0x00005a1a                __vector_51
                0x00005a1a                __vector_9
                0x00005a1a                __vector_2
                0x00005a1a                __vector_21
                0x00005a1a                __vector_15
                0x00005a1a                __vector_29
                0x00005a1a                __vector_40
                0x00005a1a                __vector_8
                0x00005a1a                __vector_26
                0x00005a1a                __vector_48
                0x00005a1a                __vector_14
                0x00005a1a                __vector_53
                0x00005a1a                __vector_10
                0x00005a1a                __vector_50
                0x00005a1a                __vector_16
                0x00005a1a                __vector_18
                0x00005a1a                __vector_20
                0x00005a1a                __vector_42
 .text          0x00005a1e       0x18 ./utils/CPlusPlusUtilities.o
                0x00005a2a                operator new[](unsigned int)
                0x00005a24                operator delete(void*)
                0x00005a1e                operator delete[](void*)
                0x00005a30                operator new(unsigned int)
 .text          0x00005a36       0x20 ./utils/Math.o
                0x00005a46                min(int, int)
                0x00005a36                max(int, int)
 .text          0x00005a56      0x552 ./tetrominos/LBlock.o
                0x00005a7a                LBlock::~LBlock()
                0x00005a56                LBlock::~LBlock()
                0x00005a9c                LBlock::LBlock(unsigned char, Coordinate)
                0x00005d22                LBlock::LBlock(unsigned char, Coordinate)
                0x00005a68                LBlock::~LBlock()
 .text          0x00005fa8      0x53a ./tetrominos/LineBlock.o
                0x00005fba                LineBlock::~LineBlock()
                0x00006268                LineBlock::LineBlock(unsigned char, Coordinate)
                0x00005fcc                LineBlock::~LineBlock()
                0x00005fa8                LineBlock::~LineBlock()
                0x00005fee                LineBlock::LineBlock(unsigned char, Coordinate)
 .text          0x000064e2      0x54e ./tetrominos/ReverseLBlock.o
                0x000067ac                ReverseLBlock::ReverseLBlock(unsigned char, Coordinate)
                0x000064f4                ReverseLBlock::~ReverseLBlock()
                0x00006506                ReverseLBlock::~ReverseLBlock()
                0x000064e2                ReverseLBlock::~ReverseLBlock()
                0x00006528                ReverseLBlock::ReverseLBlock(unsigned char, Coordinate)
 .text          0x00006a30      0x54a ./tetrominos/ReverseSBlock.o
                0x00006a76                ReverseSBlock::ReverseSBlock(unsigned char, Coordinate)
                0x00006a30                ReverseSBlock::~ReverseSBlock()
                0x00006a54                ReverseSBlock::~ReverseSBlock()
                0x00006cf8                ReverseSBlock::ReverseSBlock(unsigned char, Coordinate)
                0x00006a42                ReverseSBlock::~ReverseSBlock()
 .text          0x00006f7a      0x54e ./tetrominos/SBlock.o
                0x00006f8c                SBlock::~SBlock()
                0x00006f7a                SBlock::~SBlock()
                0x00006f9e                SBlock::~SBlock()
                0x00007244                SBlock::SBlock(unsigned char, Coordinate)
                0x00006fc0                SBlock::SBlock(unsigned char, Coordinate)
 .text          0x000074c8      0x52e ./tetrominos/Square.o
                0x0000750e                Square::Square(unsigned char, Coordinate)
                0x000074da                Square::~Square()
                0x000074c8                Square::~Square()
                0x000074ec                Square::~Square()
                0x00007782                Square::Square(unsigned char, Coordinate)
 .text          0x000079f6      0x532 ./tetrominos/TBlock.o
                0x00007cb2                TBlock::TBlock(unsigned char, Coordinate)
                0x00007a3c                TBlock::TBlock(unsigned char, Coordinate)
                0x00007a1a                TBlock::~TBlock()
                0x000079f6                TBlock::~TBlock()
                0x00007a08                TBlock::~TBlock()
 .text          0x00007f28      0x42c ./tetrominos/Tetromino.o
                0x00007f3e                Tetromino::Tetromino(unsigned char, Coordinate)
                0x00008140                Tetromino::getMaxXBoundary()
                0x00007f54                Tetromino::~Tetromino()
                0x00008342                Tetromino::~Tetromino()
                0x00007f60                Tetromino::~Tetromino()
                0x00008050                Tetromino::getBlockCoordinate(int)
                0x00007f6c                Tetromino::draw(Coordinate, bool)
                0x000081ac                Tetromino::getMinXBoundary()
                0x00008068                Tetromino::getMaxYBoundary()
                0x00008218                Tetromino::rotate90(unsigned char, unsigned char)
                0x000080d4                Tetromino::getMinYBoundary()
                0x00007f28                Tetromino::Tetromino(unsigned char, Coordinate)
                0x00008008                Tetromino::updatePosition(short, short)
 .text          0x00008354      0x188 ./screens/GameOverScreen.o
                0x0000842e                GameOverScreen::~GameOverScreen()
                0x00008354                GameOverScreen::getNextScreen()
                0x00008450                GameOverScreen::GameOverScreen(InputShield*, int, HiScores*)
                0x00008496                GameOverScreen::GameOverScreen(InputShield*, int, HiScores*)
                0x000083b0                GameOverScreen::activate()
                0x0000841c                GameOverScreen::~GameOverScreen()
                0x0000840a                GameOverScreen::~GameOverScreen()
 .text          0x000084dc      0x18c ./screens/LandingScreen.o
                0x000084dc                LandingScreen::getNextScreen()
                0x000085ee                LandingScreen::~LandingScreen()
                0x0000850e                LandingScreen::activate()
                0x00008634                LandingScreen::LandingScreen(InputShield*, HiScores*)
                0x0000864e                LandingScreen::LandingScreen(InputShield*, HiScores*)
                0x00008600                LandingScreen::~LandingScreen()
                0x00008612                LandingScreen::~LandingScreen()
 .text          0x00008668      0x2dc ./screens/NameEntryScreen.o
                0x0000891a                NameEntryScreen::NameEntryScreen(InputShield*, int, HiScores*)
                0x000088f0                NameEntryScreen::NameEntryScreen(InputShield*, int, HiScores*)
                0x0000869a                NameEntryScreen::activate()
                0x000088ce                NameEntryScreen::~NameEntryScreen()
                0x000088aa                NameEntryScreen::~NameEntryScreen()
                0x00008668                NameEntryScreen::getNextScreen()
                0x000088bc                NameEntryScreen::~NameEntryScreen()
 .text          0x00008944      0x2b0 ./screens/PlayScreen.o
                0x00008b3e                PlayScreen::~PlayScreen()
                0x00008bb0                PlayScreen::PlayScreen(InputShield*, HiScores*)
                0x00008944                PlayScreen::drawStats()
                0x00008aa8                PlayScreen::activate()
                0x00008a64                PlayScreen::getNextScreen()
                0x00008b62                PlayScreen::~PlayScreen()
                0x00008bd2                PlayScreen::PlayScreen(InputShield*, HiScores*)
                0x0000899e                PlayScreen::gameLoop()
                0x00008b86                PlayScreen::~PlayScreen()
 .text          0x00008bf4       0xe8 ./screens/Screen.o
                0x00008c1c                Screen::~Screen()
                0x00008c28                Screen::~Screen()
                0x00008cca                Screen::~Screen()
                0x00008c3c                Screen::pressAToContinue()
                0x00008bf4                Screen::Screen(InputShield*, HiScores*)
                0x00008c34                Screen::activate()
                0x00008c36                Screen::getNextScreen()
                0x00008c08                Screen::Screen(InputShield*, HiScores*)
 .text          0x00008cdc      0x5d8 ./lib/FlashFileSystem.o
                0x000092ae                open(ProgramEx)
                0x00008cdc                DelayBigTime()
                0x000092a4                FlashFile_open(ProgramEx)
                0x00009144                FlashFileSystemComm()
 .text          0x000092b4      0x2a2 ./lib/HardwareSerial.o
                0x000093e4                HardwareSerial::print(unsigned long)
                0x000092cc                HardwareSerial::printNumber(unsigned long, unsigned char)
                0x000094d8                HardwareSerial::print(long, int)
                0x00009544                HardwareSerial::available()
                0x000092b6                HardwareSerial::HardwareSerial(unsigned char)
                0x0000954c                HardwareSerial::begin(long)
                0x000093f8                HardwareSerial::println()
                0x000093ec                HardwareSerial::print(unsigned int)
                0x0000941c                HardwareSerial::println(unsigned char)
                0x0000950e                HardwareSerial::print(char const*)
                0x00009492                HardwareSerial::println(long)
                0x000092b8                HardwareSerial::flush()
                0x000094a8                HardwareSerial::print(int)
                0x000094b8                HardwareSerial::println(int)
                0x00009528                HardwareSerial::println(char const*)
                0x000094f8                HardwareSerial::println(long, int)
                0x000092c4                HardwareSerial::print(char)
                0x0000944c                HardwareSerial::print(long)
                0x00009406                HardwareSerial::println(unsigned long)
                0x000092b4                HardwareSerial::HardwareSerial(unsigned char)
                0x0000953e                HardwareSerial::read()
                0x000092bc                HardwareSerial::print(unsigned char)
                0x00009434                HardwareSerial::println(char)
 .text          0x00009556        0x0 ./lib/HersheyCyrillic.o
 .text          0x00009556      0x888 ./lib/HersheyFonts.o
                0x00009576                HersheyGetCharWidth
                0x00009d22                GetHersheyFontNumerFromName
                0x00009b22                HersheyDisplayFontList
                0x000098e2                HersheyDisplayFontSamples
                0x00009a8e                GetHersheyFontTableSize
                0x0000958a                HersheyGetStringWidth
                0x000095f4                GetHersheyFontName
                0x000095fe                HersheyDrawCString
 .text          0x00009dde        0x0 ./lib/HersheyGothic.o
 .text          0x00009dde        0x0 ./lib/HersheyGreek.o
 .text          0x00009dde       0x18 ./lib/HersheyRowman.o
                0x00009dde                GetFontDef_RowmanTriplex
 .text          0x00009df6        0x0 ./lib/HersheyScript.o
 .text          0x00009df6        0x0 ./lib/HersheySymbols.o
 .text          0x00009df6        0x0 ./lib/HersheyTimes.o
 .text          0x00009df6      0x73e ./lib/Keyboard.o
                0x00009f52                GetKeyIndex(KEYBOARD*, Point*)
                0x00009fa6                GetQWERTYkeyboardInput()
 .text          0x0000a534      0x53e ./lib/Print.o
                0x0000a842                Print::println(unsigned int, int)
                0x0000a7fe                Print::println()
                0x0000a8d4                Print::println(int, int)
                0x0000a5b4                Print::printNumber(unsigned long, unsigned char)
                0x0000a566                Print::write(unsigned char const*, unsigned int)
                0x0000aa56                Print::print(double, int)
                0x0000a7da                Print::print(char, int)
                0x0000a536                Print::write(char const*)
                0x0000a93e                Print::printFloat(double, unsigned char)
                0x0000a7b4                Print::print(int, int)
                0x0000a724                Print::print(unsigned char, int)
                0x0000a8a8                Print::println(char const*)
                0x0000a874                Print::println(unsigned char, int)
                0x0000a90a                Print::println(char, int)
                0x0000a702                Print::print(unsigned int, int)
                0x0000a5a4                Print::print(char const*)
                0x0000a6e4                Print::print(unsigned long, int)
                0x0000a8be                Print::println(long, int)
                0x0000aa5c                Print::println(double, int)
                0x0000a534                Print::write(unsigned char)
                0x0000a748                Print::print(long, int)
                0x0000a82c                Print::println(unsigned long, int)
 .text          0x0000aa72     0x4804 ./lib/SubPGraphics.o
                0x0000cd74                fillEllipse(int, int, int, int)
                0x0000e77c                text(char, int, int)
                0x0000d818                background(unsigned char)
                0x0000e980                lcd_setBrightness
                0x0000e820                Display7SegmentChar(int, int, char, char)
                0x0000aece                setfcolor(unsigned char, unsigned char, unsigned char)
                0x0000b188                Move
                0x0000b2a2                OffsetRect
                0x0000b0d0                noStroke()
                0x0000d696                lcd_circle
                0x0000babc                line(int, int, int, int, COLOR)
                0x0000c8f6                clear(COLOR)
                0x0000c426                drawEllipse(int, int, int, int, COLOR)
                0x0000bb36                lcd_line
                0x0000b160                setFont(unsigned char)
                0x0000aedc                setForecolor(COLOR)
                0x0000f14a                dist(float, float, float, float)
                0x0000d8b4                arc(int, int, int, int, float, float)
                0x0000b176                MoveTo
                0x0000e30e                text(char*, int, int, int, int)
                0x0000e2d0                textWidth(unsigned char, char*)
                0x0000c4e2                setPixel(int, int)
                0x0000b1b2                SetRGBcolor
                0x0000d7c8                clearscreen()
                0x0000d724                rect(int, int, int, int)
                0x0000af46                setBackcolor(unsigned char, unsigned char, unsigned char)
                0x0000b1d2                RGBBackColor
                0x0000b324                lcd_pixel
                0x0000e776                text(unsigned int, int, int)
                0x0000c4a0                setPixel(int, int, COLOR)
                0x0000e330                text(char*, int, int, int)
                0x0000b366                PlotIcon
                0x0000e966                setBrightness(int)
                0x0000e7de                DrawCString
                0x0000e2e8                textWidth(char*)
                0x0000e630                text(double, int, int)
                0x0000d792                fillback()
                0x0000c50a                FillRect
                0x0000c872                fillRect(int, int, int, int, COLOR)
                0x0000b556                point(int, int)
                0x0000f01a                getPixel(COLOR*, int, int)
                0x0000d82a                drawrect(int, int, int, int)
                0x0000b1bc                RGBForeColor
                0x0000e988                fadeout(int)
                0x0000b13e                stroke(unsigned char, unsigned char, unsigned char)
                0x0000bbfe                LineTo
                0x0000b16c                textFont(unsigned char, int)
                0x0000efa2                fillQuad(int, int, int, int, int, int, int, int)
                0x0000b832                drawRect(int, int, int, int, COLOR)
                0x0000aec0                setbcolor(unsigned char, unsigned char, unsigned char)
                0x0000e936                gettouch()
                0x0000c452                drawEllipse(int, int, int, int)
                0x0000c5ba                Display7SegmentDigit(int, int, char, char)
                0x0000af7a                alphaBlend(COLOR, COLOR, int)
                0x0000bae8                line(int, int, int, int)
                0x0000e356                text(char*, int, int)
                0x0000f1ea                dist(POINT, POINT)
                0x0000cd92                ellipse(int, int, int, int)
                0x0000e3aa                lcd_puts
                0x0000af18                setBackcolor(COLOR)
                0x0000b1e8                PtInRect
                0x0000aeb6                getBrightness()
                0x0000dbe8                BezierCurve
                0x0000b2d6                SetRect
                0x0000b9a6                drawRect(int, int, int, int)
                0x0000e696                text(long, int, int)
                0x0000bd6a                FrameRect
                0x0000bf8a                triangle(int, int, int, int, int, int)
                0x0000ae10                colorFromLong(long)
                0x0000bb96                Line
                0x0000af54                invertColor(COLOR)
                0x0000c562                EraseRect
                0x0000ed7e                fillTriangle(int, int, int, int, int, int, COLOR)
                0x0000b132                strokeWeight(int)
                0x0000b75a                drawTriangle(int, int, int, int, int, int, COLOR)
                0x0000c4f4                EraseScreen
                0x0000e7a2                drawstring(int, int, char*)
                0x0000e2fa                textFont(char*, int)
                0x0000f0ee                floodFill(int, int, COLOR)
                0x0000b26e                InsetRect
                0x0000b0b6                fill(unsigned char, unsigned char, unsigned char)
                0x0000c978                clear()
                0x0000b0da                size(int, int)
                0x0000ef10                fillQuad(int, int, int, int, int, int, int, int, COLOR)
                0x0000b220                POINTinRect
                0x0000b0a2                fill(int)
                0x0000e4b2                drawWindow(char*, int, int, int, int, COLOR)
                0x0000b236                pointInRect(int, int, int, int, int, int)
                0x0000b110                stroke(int)
                0x0000b9c4                drawQuad(int, int, int, int, int, int, int, int, COLOR)
                0x0000e854                DrawKeyPadButton(Button*)
                0x0000e242                bezier(int, int, int, int, int, int, int, int)
                0x0000bfa0                quad(int, int, int, int, int, int, int, int)
                0x0000ba72                drawQuad(int, int, int, int, int, int, int, int)
                0x0000b804                drawTriangle(int, int, int, int, int, int)
                0x0000e7e4                drawchar(int, int, char)
                0x0000b0ca                noFill()
                0x0000efec                fillTriangle(int, int, int, int, int, int)
                0x0000af0a                setForecolor(unsigned char, unsigned char, unsigned char)
                0x0000bc52                framerect(int, int, int, int)
                0x0000e700                text(int, int, int)
                0x0000c952                clear(int, int, int)
                0x0000d7da                background(unsigned char, unsigned char, unsigned char)
                0x0000c8d8                fillRect(int, int, int, int)
                0x0000e422                centerText(int, int, int, int, char*)
                0x0000ea0c                beginCanvas()
                0x0000e9c4                fadein(int)
                0x0000d71c                drawcircle(int, int, int)
                0x0000c98a                fillEllipse(int, int, int, int, COLOR)
                0x0000e2f4                loadFont(char*)
                0x0000d7ec                lcd_clearScreen
                0x0000e8da                Display7SegmentString(int, int, char*, char)
                0x0000d830                lcd_rectangle
 .text          0x0000f276       0x96 ./lib/WRandom.o
                0x0000f2c6                random(long, long)
                0x0000f302                randomSeed(unsigned int)
                0x0000f276                random(long)
 .text          0x0000f30c      0xb24 ./lib/bmp.o
                0x0000f30c                bmp_init
                0x0000fc08                bmp_get_entryname
                0x0000f334                image(unsigned long long, int, int)
                0x0000f30e                bmp_lookup_table_checkStatus
                0x0000f584                bmp_find
                0x0000fb74                bmp_draw
                0x0000f88a                bmp_draw_imageN
                0x0000fd76                bmp_get_entryInfoFromName
                0x0000f312                GetFlashFileEntry(short, FLASH_FILE_ENTRY*)
                0x0000f80c                bmp_store
                0x0000f670                bmp_drawTest
                0x0000f63a                loadImage(char*)
 .text          0x0000fe30      0x620 ./lib/calibrate.o
                0x00010336                getDisplayPoint
                0x0000fe30                setCalibrationMatrix
 .text          0x00010450      0x34c ./lib/dataflash.o
                0x00010450                dataflash_init
                0x00010472                dataflash_write_buff
                0x00010514                dataflash_clear_buff
                0x000104bc                dataflash_read_buff
                0x00010554                dataflash_erase
                0x000105e2                dataflash_read_block
                0x00010556                dataflash_out
                0x00010582                dataflash_program_page
                0x000106ea                dataflash_cont_read
                0x00010560                dataflash_checkStatus
 .text          0x0001079c      0x516 ./lib/font.o
                0x000108b6                dispPutS
                0x000107be                dispPutC
                0x00010a5e                dispPutLargeNumString
                0x00010ae6                dispPutXLargeNum
                0x0001079c                dispMeasureC
                0x0001093e                dispPutLargeNum
                0x000107a2                dispMeasureS
                0x00010c2a                dispPutXLargeNumString
 .text          0x00010cb2      0xbf8 ./lib/graphics.o
                0x00010e14                dispSetWindow
                0x00010d76                dispColor
                0x00010e08                GetScreenWidth
                0x00010f52                dispPixel
                0x00010d98                dispPix
                0x00011066                dispRead
                0x00011716                dispPowerLCD
                0x00011752                dispClearScreen
                0x00010fdc                dispPixel2
                0x00010dd6                dispPix2
                0x00010cb2                dispCommand
                0x00011734                dispStandby
                0x00011130                dispRectangle
                0x00010e0e                GetScreenHeight
                0x00010d10                dispData
 .text          0x000118aa      0x314 ./lib/image_interface.o
                0x000118aa                image_interface_begin
 .text          0x00011bbe      0x2a8 ./lib/oled_slide.o
                0x00011c6a                oled_init
                0x00011bbe                oled_status
                0x00011c34                oled_brightness
 .text          0x00011e66        0x0 ./lib/oled_stealth.o
 .text          0x00011e66      0x396 ./lib/startup.o
                0x00011e68                sketchEarlyInits
                0x00011e66                sketchLateInits
 .text          0x000121fc      0x582 ./lib/touchscreen.o
                0x00012234                touchscreen_process_z1
                0x000121fc                touchscreen_process_x
                0x00012748                touch_init
                0x00012218                touchscreen_process_y
                0x00012248                touchscreen_process_z2
                0x0001233c                touchscreen_setup_z1
                0x0001230c                touchscreen_setup_x
                0x00012324                touchscreen_setup_y
                0x0001236c                delay_ms
                0x0001225c                touchscreen_service
                0x0001238e                touch_getCursor
                0x00012414                touch_getTouched
                0x00012354                touchscreen_setup_z2
                0x0001249e                touch_calibrate
 .text          0x0001277e      0x3d0 ./lib/usart.o
                0x00012af4                usart_putNum
                0x0001280e                usart_read_bytes
                0x000129e6                usart_putNum3
                0x0001292a                usart_getByte2
                0x00012962                usart_init3
                0x00012948                usart_puts2
                0x00012a40                usart_putNum2
                0x00012938                usart_putc2
                0x000127da                usart_flush
                0x00012856                usart_init1
                0x000127c8                usart_getBuff_ptr
                0x0001291e                usart_isavailable2
                0x000127f4                usart_puts
                0x00012a9a                usart_putNum1
                0x000127ce                usart_getBuff_size
                0x000127e4                usart_putc
                0x000129bc                usart_putc3
                0x000129cc                usart_puts3
                0x0001277e                usart_init
                0x000128a0                usart_putc1
                0x000128ca                usart_init2
                0x000129ae                usart_getByte3
                0x000129a2                usart_isavailable3
                0x000128b0                usart_puts1
 .text          0x00012b4e      0x180 ./lib/wiring.o
                0x00012b8a                arduinoRun
                0x00012bac                __vector_23
                0x00012b9a                init
                0x00012b64                delay
                0x00012b94                arduinoReset
                0x00012b4e                millis
 .text          0x00012cce       0x42 ./lib/wiring_analog.o
                0x00012cce                analogReference
                0x00012cd4                analogRead
 .text          0x00012d10        0x8 ./lib/wiring_digital.o
                0x00012d14                digitalRead
                0x00012d12                digitalWrite
                0x00012d10                pinMode
                0x00012d16                delayMicroseconds
 .text          0x00012d18      0x30a ./lib/wiring_serial.o
                0x00012e8e                printString
                0x00012dfa                serialAvailable
                0x00012e1c                serialRead
                0x00012e6e                printByte
                0x00012e6c                printMode
                0x00012e7e                printNewline
                0x00013014                printBinary
                0x00012de4                serialBegin
                0x00012fc2                printInteger
                0x00013006                printOctal
                0x00012e5a                serialFlush
                0x00012d18                __vector_36
                0x00012ff8                printHex
                0x00012dea                serialWrite
                0x00012d9a                beginSerial
                0x00012ea8                printIntegerInBase
 .text          0x00013022      0x560 ./layout/blocks/BlockDrawingFunctions.o
                0x000132b2                drawSBlock(Coordinate, Coordinate, unsigned char, unsigned char)
                0x0001337e                drawSquareBlock(Coordinate, Coordinate, unsigned char, unsigned char)
                0x000130e4                drawLBlock(Coordinate, Coordinate, unsigned char, unsigned char)
                0x000131f0                drawReverseSBlock(Coordinate, Coordinate, unsigned char, unsigned char)
                0x00013022                drawReverseLBlock(Coordinate, Coordinate, unsigned char, unsigned char)
                0x00013454                drawTBlock(Coordinate, Coordinate, unsigned char, unsigned char)
                0x0001316a                drawLineBlock(Coordinate, Coordinate, unsigned char, unsigned char)
 .text          0x00013582      0x1b6 ./layout/blocks/GridBlock.o
                0x00013726                GridBlock::~GridBlock()
                0x000136aa                GridBlock::clear(Coordinate)
                0x000135f2                GridBlock::~GridBlock()
                0x00013582                GridBlock::GridBlock(unsigned char, unsigned char, Coordinate, void (*)(Coordinate, Coordinate, unsigned char, unsigned char))
                0x0001363e                GridBlock::draw(Coordinate, bool)
                0x000135fe                GridBlock::~GridBlock()
                0x00013616                GridBlock::getLastDrawPosition()
                0x0001360a                GridBlock::getCurrentPosition()
                0x000135ba                GridBlock::GridBlock(unsigned char, unsigned char, Coordinate, void (*)(Coordinate, Coordinate, unsigned char, unsigned char))
                0x00013622                GridBlock::updatePosition(short, short)
 .text          0x00013738      0x328 ./layout/BackgroundDrawingFunctions.o
                0x00013738                drawBrick(int, int)
                0x0001379c                drawBackground()
 .text          0x00013a60      0x848 ./layout/Grid.o
                0x0001419a                Grid::Grid(Coordinate&, unsigned char, unsigned char, unsigned char)
                0x00013fd0                Grid::drawEmptyGrid()
                0x00013e0a                Grid::drawOccupiedGridSquares()
                0x00014064                Grid::~Grid()
                0x00013a66                Grid::getGridDepth()
                0x00013d00                Grid::hasCollided(Tetromino*)
                0x00013c4c                Grid::willTetrominoFitOnGrid(Tetromino*)
                0x00013a6c                Grid::clearLines()
                0x00013d88                Grid::occupy(Tetromino*)
                0x00013a60                Grid::getGridWidth()
                0x0001400e                Grid::~Grid()
                0x0001408c                Grid::Grid(Coordinate&, unsigned char, unsigned char, unsigned char)
                0x0001403c                Grid::~Grid()
 .text          0x000142a8      0x17c ./data/HiScores.o
                0x000142fc                HiScores::getHiScore()
                0x000142e4                HiScores::~HiScores()
                0x0001436e                HiScores::hiScoreExists()
                0x00014392                HiScores::resetHiScore()
                0x00014308                HiScores::getPlayerName()
                0x000143a0                HiScores::setNewHiScore(char*, int)
                0x00014412                HiScores::~HiScores()
                0x000142c6                HiScores::HiScores(unsigned char)
                0x000142f0                HiScores::~HiScores()
                0x000142a8                HiScores::HiScores(unsigned char)
 .text          0x00014424      0x1f6 ./controls/keyboard/NameEntryBox.o
                0x0001446c                NameEntryBox::draw()
                0x0001455a                NameEntryBox::~NameEntryBox()
                0x00014546                NameEntryBox::~NameEntryBox()
                0x00014436                NameEntryBox::enterChar(char)
                0x0001456e                NameEntryBox::NameEntryBox(Coordinate, unsigned char, unsigned char)
                0x00014522                NameEntryBox::~NameEntryBox()
                0x000145c4                NameEntryBox::NameEntryBox(Coordinate, unsigned char, unsigned char)
                0x00014464                NameEntryBox::getName()
                0x00014424                NameEntryBox::isNameComplete()
 .text          0x0001461a       0xc2 ./controls/keyboard/OnScreenKey.o
                0x0001461a                OnScreenKey::OnScreenKey(Coordinate, unsigned char, char)
                0x00014670                OnScreenKey::draw()
                0x0001465e                OnScreenKey::~OnScreenKey()
                0x0001466a                OnScreenKey::getValue()
                0x000146ca                OnScreenKey::~OnScreenKey()
                0x00014652                OnScreenKey::~OnScreenKey()
                0x00014636                OnScreenKey::OnScreenKey(Coordinate, unsigned char, char)
 .text          0x000146dc     0x14c8 ./controls/keyboard/OnScreenKeyboard.o
                0x000149ec                OnScreenKeyboard::OnScreenKeyboard(Coordinate)
                0x000149a0                OnScreenKeyboard::click()
                0x000149da                OnScreenKeyboard::~OnScreenKeyboard()
                0x000146dc                OnScreenKeyboard::~OnScreenKeyboard()
                0x000148d4                OnScreenKeyboard::draw()
                0x00014776                OnScreenKeyboard::cursorHasMovedSinceLastDrawn()
                0x000146e8                OnScreenKeyboard::~OnScreenKeyboard()
                0x000146f4                OnScreenKeyboard::updateCursorPosition(INPUTSHIELD_STATE_T&)
                0x000152c8                OnScreenKeyboard::OnScreenKeyboard(Coordinate)
                0x0001479c                OnScreenKeyboard::drawCursor()
 .text          0x00015ba4      0x172 ./controls/InputShield.o
                0x00015bbc                InputShield::readDataSLIP()
                0x00015c2c                InputShield::inputDataAvailable()
                0x00015c3c                InputShield::readInputShield(INPUTSHIELD_STATE_T*)
                0x00015cfa                InputShield::InputShield()
                0x00015cde                InputShield::InputShield()
                0x00015ba4                InputShield::~InputShield()
                0x00015bb0                InputShield::~InputShield()
                0x00015ccc                InputShield::~InputShield()
 .text          0x00015d16      0x708 ./controller/GridMaster.o
                0x00015e22                GridMaster::setTetrominoToGrid(Tetromino*)
                0x00015dec                GridMaster::hasCollided(Tetromino*)
                0x000160d0                GridMaster::~GridMaster()
                0x00015d16                GridMaster::levelUp()
                0x00015df4                GridMaster::gridIsValid()
                0x00016168                GridMaster::~GridMaster()
                0x00015fa2                GridMaster::applyControllerInput(INPUTSHIELD_STATE_T&)
                0x00015d26                GridMaster::drawNextTetromino()
                0x000162ec                GridMaster::GridMaster(Coordinate&, Coordinate, unsigned char, unsigned char, unsigned char, unsigned char)
                0x00015e2a                GridMaster::insertNewTetromino(Coordinate)
                0x00015de4                GridMaster::clearLines()
                0x00015e8e                GridMaster::attemptToUpdateActiveTetromino(short, short)
                0x00015ee4                GridMaster::progress()
                0x00015e50                GridMaster::drawGridContents()
                0x00015e86                GridMaster::drawGrid()
                0x0001611c                GridMaster::~GridMaster()
                0x000161ba                GridMaster::GridMaster(Coordinate&, Coordinate, unsigned char, unsigned char, unsigned char, unsigned char)
 .text          0x0001641e       0xec ./controller/StatsMaster.o
                0x000164f0                StatsMaster::getTotalLines()
                0x0001645e                StatsMaster::~StatsMaster()
                0x0001646a                StatsMaster::~StatsMaster()
                0x0001643e                StatsMaster::StatsMaster()
                0x000164e0                StatsMaster::getScore()
                0x00016476                StatsMaster::notifyLinesCleared(int)
                0x000164e8                StatsMaster::getLevel()
                0x0001641e                StatsMaster::StatsMaster()
                0x000164f8                StatsMaster::~StatsMaster()
 .text          0x0001650a      0x332 ./controller/TetrominoGenerator.o
                0x0001652e                TetrominoGenerator::~TetrominoGenerator()
                0x00016750                TetrominoGenerator::takeNextTetromino()
                0x00016604                TetrominoGenerator::getRandomTetromino()
                0x00016552                TetrominoGenerator::getNextTetromino()
                0x0001650a                TetrominoGenerator::~TetrominoGenerator()
                0x000167bc                TetrominoGenerator::TetrominoGenerator(unsigned char, Coordinate)
                0x000167fc                TetrominoGenerator::TetrominoGenerator(unsigned char, Coordinate)
                0x0001678a                TetrominoGenerator::~TetrominoGenerator()
 .text          0x0001683c       0xb6 ./Tetris.o
                0x000168b2                setup(InputShield*)
                0x0001683c                main
 .text          0x000168f2        0x0 c:/winavr-20100110/bin/../lib/gcc/avr/4.3.3/avr6\libgcc.a(_mulsi3.o)
 .text          0x000168f2        0x0 c:/winavr-20100110/bin/../lib/gcc/avr/4.3.3/avr6\libgcc.a(_udivmodqi4.o)
 .text          0x000168f2        0x0 c:/winavr-20100110/bin/../lib/gcc/avr/4.3.3/avr6\libgcc.a(_udivmodhi4.o)
 .text          0x000168f2        0x0 c:/winavr-20100110/bin/../lib/gcc/avr/4.3.3/avr6\libgcc.a(_divmodhi4.o)
 .text          0x000168f2        0x0 c:/winavr-20100110/bin/../lib/gcc/avr/4.3.3/avr6\libgcc.a(_udivmodsi4.o)
 .text          0x000168f2        0x0 c:/winavr-20100110/bin/../lib/gcc/avr/4.3.3/avr6\libgcc.a(_divmodsi4.o)
 .text          0x000168f2        0x0 c:/winavr-20100110/bin/../lib/gcc/avr/4.3.3/avr6\libgcc.a(_exit.o)
 .text          0x000168f2        0x0 c:/winavr-20100110/bin/../lib/gcc/avr/4.3.3/avr6\libgcc.a(_clear_bss.o)
 .text          0x000168f2        0x0 c:/winavr-20100110/bin/../lib/gcc/avr/4.3.3/avr6\libgcc.a(_ctors.o)
 .text          0x000168f2       0x58 c:/winavr-20100110/bin/../lib/gcc/avr/4.3.3/avr6\libgcc.a(_fixunssfsi.o)
                0x000168f2                __fixunssfsi
 .text          0x0001694a      0x354 c:/winavr-20100110/bin/../lib/gcc/avr/4.3.3/avr6\libgcc.a(_addsub_sf.o)
                0x00016be2                __subsf3
                0x00016c44                __addsf3
 .text          0x00016c9e      0x1f4 c:/winavr-20100110/bin/../lib/gcc/avr/4.3.3/avr6\libgcc.a(_mul_sf.o)
                0x00016c9e                __mulsf3
 .text          0x00016e92      0x158 c:/winavr-20100110/bin/../lib/gcc/avr/4.3.3/avr6\libgcc.a(_div_sf.o)
                0x00016e92                __divsf3
 .text          0x00016fea       0x60 c:/winavr-20100110/bin/../lib/gcc/avr/4.3.3/avr6\libgcc.a(_ge_sf.o)
                0x00016fea                __gesf2
 .text          0x0001704a       0x60 c:/winavr-20100110/bin/../lib/gcc/avr/4.3.3/avr6\libgcc.a(_lt_sf.o)
                0x0001704a                __ltsf2
 .text          0x000170aa       0x60 c:/winavr-20100110/bin/../lib/gcc/avr/4.3.3/avr6\libgcc.a(_le_sf.o)
                0x000170aa                __lesf2
 .text          0x0001710a       0xbc c:/winavr-20100110/bin/../lib/gcc/avr/4.3.3/avr6\libgcc.a(_si_to_sf.o)
                0x0001710a                __floatsisf
 .text          0x000171c6       0xa8 c:/winavr-20100110/bin/../lib/gcc/avr/4.3.3/avr6\libgcc.a(_sf_to_si.o)
                0x000171c6                __fixsfsi
 .text          0x0001726e        0x0 c:/winavr-20100110/bin/../lib/gcc/avr/4.3.3/avr6\libgcc.a(_thenan_sf.o)
 .text          0x0001726e       0xf2 c:/winavr-20100110/bin/../lib/gcc/avr/4.3.3/avr6\libgcc.a(_usi_to_sf.o)
                0x0001726e                __floatunsisf
 .text          0x00017360        0x0 c:/winavr-20100110/bin/../lib/gcc/avr/4.3.3/avr6\libgcc.a(_prologue.o)
 .text          0x00017360        0x0 c:/winavr-20100110/bin/../lib/gcc/avr/4.3.3/avr6\libgcc.a(_epilogue.o)
 .text          0x00017360        0x0 c:/winavr-20100110/bin/../lib/gcc/avr/4.3.3/avr6\libgcc.a(_tablejump.o)
 .text          0x00017360       0x9e c:/winavr-20100110/bin/../lib/gcc/avr/4.3.3/avr6\libgcc.a(_clzsi2.o)
                0x00017360                __clzsi2
 .text          0x000173fe      0x1aa c:/winavr-20100110/bin/../lib/gcc/avr/4.3.3/avr6\libgcc.a(_pack_sf.o)
                0x000173fe                __pack_f
 .text          0x000175a8       0xf0 c:/winavr-20100110/bin/../lib/gcc/avr/4.3.3/avr6\libgcc.a(_unpack_sf.o)
                0x000175a8                __unpack_f
 .text          0x00017698       0xb2 c:/winavr-20100110/bin/../lib/gcc/avr/4.3.3/avr6\libgcc.a(_fpcmp_parts_sf.o)
                0x00017698                __fpcmp_parts_f
 .text          0x0001774a        0x0 c:/winavr-20100110/bin/../lib/gcc/avr/4.3.3/avr6\libgcc.a(_clz.o)
 .text          0x0001774a        0x0 c:/winavr-20100110/bin/../lib/gcc/avr/4.3.3/../../../../avr/lib/avr6\libm.a(cos.o)
 .text          0x0001774a        0x0 c:/winavr-20100110/bin/../lib/gcc/avr/4.3.3/../../../../avr/lib/avr6\libm.a(fp_rempio2.o)
 .text          0x0001774a        0x0 c:/winavr-20100110/bin/../lib/gcc/avr/4.3.3/../../../../avr/lib/avr6\libm.a(fp_sinus.o)
 .text          0x0001774a        0x0 c:/winavr-20100110/bin/../lib/gcc/avr/4.3.3/../../../../avr/lib/avr6\libm.a(fp_split3.o)
 .text          0x0001774a        0x0 c:/winavr-20100110/bin/../lib/gcc/avr/4.3.3/../../../../avr/lib/avr6\libm.a(round.o)
 .text          0x0001774a        0x0 c:/winavr-20100110/bin/../lib/gcc/avr/4.3.3/../../../../avr/lib/avr6\libm.a(sin.o)
 .text          0x0001774a        0x0 c:/winavr-20100110/bin/../lib/gcc/avr/4.3.3/../../../../avr/lib/avr6\libm.a(sqrt.o)
 .text          0x0001774a        0x0 c:/winavr-20100110/bin/../lib/gcc/avr/4.3.3/../../../../avr/lib/avr6\libm.a(addsf3x.o)
 .text          0x0001774a        0x0 c:/winavr-20100110/bin/../lib/gcc/avr/4.3.3/../../../../avr/lib/avr6\libm.a(fp_inf.o)
 .text          0x0001774a        0x0 c:/winavr-20100110/bin/../lib/gcc/avr/4.3.3/../../../../avr/lib/avr6\libm.a(fp_mintl.o)
 .text          0x0001774a        0x0 c:/winavr-20100110/bin/../lib/gcc/avr/4.3.3/../../../../avr/lib/avr6\libm.a(fp_mpack.o)
 .text          0x0001774a        0x0 c:/winavr-20100110/bin/../lib/gcc/avr/4.3.3/../../../../avr/lib/avr6\libm.a(fp_nan.o)
 .text          0x0001774a        0x0 c:/winavr-20100110/bin/../lib/gcc/avr/4.3.3/../../../../avr/lib/avr6\libm.a(fp_norm2.o)
 .text          0x0001774a        0x0 c:/winavr-20100110/bin/../lib/gcc/avr/4.3.3/../../../../avr/lib/avr6\libm.a(fp_powsodd.o)
 .text          0x0001774a        0x0 c:/winavr-20100110/bin/../lib/gcc/avr/4.3.3/../../../../avr/lib/avr6\libm.a(fp_pscA.o)
 .text          0x0001774a        0x0 c:/winavr-20100110/bin/../lib/gcc/avr/4.3.3/../../../../avr/lib/avr6\libm.a(fp_pscB.o)
 .text          0x0001774a        0x0 c:/winavr-20100110/bin/../lib/gcc/avr/4.3.3/../../../../avr/lib/avr6\libm.a(fp_round.o)
 .text          0x0001774a        0x0 c:/winavr-20100110/bin/../lib/gcc/avr/4.3.3/../../../../avr/lib/avr6\libm.a(fp_zero.o)
 .text          0x0001774a        0x0 c:/winavr-20100110/bin/../lib/gcc/avr/4.3.3/../../../../avr/lib/avr6\libm.a(fp_powser.o)
 .text          0x0001774a        0x0 c:/winavr-20100110/bin/../lib/gcc/avr/4.3.3/../../../../avr/lib/avr6\libm.a(mulsf3x.o)
 .text          0x0001774a        0x0 c:/winavr-20100110/bin/../lib/gcc/avr/4.3.3/../../../../avr/lib/avr6\libc.a(dtostrf.o)
 .text          0x0001774a        0x0 c:/winavr-20100110/bin/../lib/gcc/avr/4.3.3/../../../../avr/lib/avr6\libc.a(malloc.o)
 .text          0x0001774a        0x0 c:/winavr-20100110/bin/../lib/gcc/avr/4.3.3/../../../../avr/lib/avr6\libc.a(rand.o)
 .text          0x0001774a        0x0 c:/winavr-20100110/bin/../lib/gcc/avr/4.3.3/../../../../avr/lib/avr6\libc.a(toupper.o)
 .text          0x0001774a        0x0 c:/winavr-20100110/bin/../lib/gcc/avr/4.3.3/../../../../avr/lib/avr6\libc.a(strcpy_P.o)
 .text          0x0001774a        0x0 c:/winavr-20100110/bin/../lib/gcc/avr/4.3.3/../../../../avr/lib/avr6\libc.a(strcat.o)
 .text          0x0001774a        0x0 c:/winavr-20100110/bin/../lib/gcc/avr/4.3.3/../../../../avr/lib/avr6\libc.a(strcmp.o)
 .text          0x0001774a        0x0 c:/winavr-20100110/bin/../lib/gcc/avr/4.3.3/../../../../avr/lib/avr6\libc.a(strcpy.o)
 .text          0x0001774a        0x0 c:/winavr-20100110/bin/../lib/gcc/avr/4.3.3/../../../../avr/lib/avr6\libc.a(strncmp.o)
 .text          0x0001774a        0x0 c:/winavr-20100110/bin/../lib/gcc/avr/4.3.3/../../../../avr/lib/avr6\libc.a(strncpy.o)
 .text          0x0001774a        0x0 c:/winavr-20100110/bin/../lib/gcc/avr/4.3.3/../../../../avr/lib/avr6\libc.a(sprintf.o)
 .text          0x0001774a        0x0 c:/winavr-20100110/bin/../lib/gcc/avr/4.3.3/../../../../avr/lib/avr6\libc.a(vfprintf_std.o)
 .text          0x0001774a        0x0 c:/winavr-20100110/bin/../lib/gcc/avr/4.3.3/../../../../avr/lib/avr6\libc.a(eerd_block_atmega2560.o)
 .text          0x0001774a        0x0 c:/winavr-20100110/bin/../lib/gcc/avr/4.3.3/../../../../avr/lib/avr6\libc.a(eerd_byte_atmega2560.o)
 .text          0x0001774a        0x0 c:/winavr-20100110/bin/../lib/gcc/avr/4.3.3/../../../../avr/lib/avr6\libc.a(eerd_word_atmega2560.o)
 .text          0x0001774a        0x0 c:/winavr-20100110/bin/../lib/gcc/avr/4.3.3/../../../../avr/lib/avr6\libc.a(eewr_block_atmega2560.o)
 .text          0x0001774a        0x0 c:/winavr-20100110/bin/../lib/gcc/avr/4.3.3/../../../../avr/lib/avr6\libc.a(eewr_byte_atmega2560.o)
 .text          0x0001774a        0x0 c:/winavr-20100110/bin/../lib/gcc/avr/4.3.3/../../../../avr/lib/avr6\libc.a(eewr_word_atmega2560.o)
 .text          0x0001774a        0x0 c:/winavr-20100110/bin/../lib/gcc/avr/4.3.3/../../../../avr/lib/avr6\libc.a(dtoa_prf.o)
 .text          0x0001774a        0x0 c:/winavr-20100110/bin/../lib/gcc/avr/4.3.3/../../../../avr/lib/avr6\libc.a(ftoa_engine.o)
 .text          0x0001774a        0x0 c:/winavr-20100110/bin/../lib/gcc/avr/4.3.3/../../../../avr/lib/avr6\libc.a(strnlen_P.o)
 .text          0x0001774a        0x0 c:/winavr-20100110/bin/../lib/gcc/avr/4.3.3/../../../../avr/lib/avr6\libc.a(strnlen.o)
 .text          0x0001774a        0x0 c:/winavr-20100110/bin/../lib/gcc/avr/4.3.3/../../../../avr/lib/avr6\libc.a(fputc.o)
 .text          0x0001774a        0x0 c:/winavr-20100110/bin/../lib/gcc/avr/4.3.3/../../../../avr/lib/avr6\libc.a(ultoa_invert.o)
                0x0001774a                . = ALIGN (0x2)
 *(.text.*)
 .text.libgcc   0x0001774a       0x3e c:/winavr-20100110/bin/../lib/gcc/avr/4.3.3/avr6\libgcc.a(_mulsi3.o)
                0x0001774a                __mulsi3
 .text.libgcc   0x00017788       0x18 c:/winavr-20100110/bin/../lib/gcc/avr/4.3.3/avr6\libgcc.a(_udivmodqi4.o)
                0x00017788                __udivmodqi4
 .text.libgcc   0x000177a0       0x28 c:/winavr-20100110/bin/../lib/gcc/avr/4.3.3/avr6\libgcc.a(_udivmodhi4.o)
                0x000177a0                __udivmodhi4
 .text.libgcc   0x000177c8       0x26 c:/winavr-20100110/bin/../lib/gcc/avr/4.3.3/avr6\libgcc.a(_divmodhi4.o)
                0x000177c8                __divmodhi4
                0x000177c8                _div
 .text.libgcc   0x000177ee       0x44 c:/winavr-20100110/bin/../lib/gcc/avr/4.3.3/avr6\libgcc.a(_udivmodsi4.o)
                0x000177ee                __udivmodsi4
 .text.libgcc   0x00017832       0x36 c:/winavr-20100110/bin/../lib/gcc/avr/4.3.3/avr6\libgcc.a(_divmodsi4.o)
                0x00017832                __divmodsi4
 .text.libgcc   0x00017868        0x0 c:/winavr-20100110/bin/../lib/gcc/avr/4.3.3/avr6\libgcc.a(_exit.o)
 .text.libgcc   0x00017868        0x0 c:/winavr-20100110/bin/../lib/gcc/avr/4.3.3/avr6\libgcc.a(_clear_bss.o)
 .text.libgcc   0x00017868        0x0 c:/winavr-20100110/bin/../lib/gcc/avr/4.3.3/avr6\libgcc.a(_ctors.o)
 .text.libgcc   0x00017868       0x38 c:/winavr-20100110/bin/../lib/gcc/avr/4.3.3/avr6\libgcc.a(_prologue.o)
                0x00017868                __prologue_saves__
 .text.libgcc   0x000178a0       0x36 c:/winavr-20100110/bin/../lib/gcc/avr/4.3.3/avr6\libgcc.a(_epilogue.o)
                0x000178a0                __epilogue_restores__
 .text.libgcc   0x000178d6        0xc c:/winavr-20100110/bin/../lib/gcc/avr/4.3.3/avr6\libgcc.a(_tablejump.o)
                0x000178da                __tablejump__
                0x000178d6                __tablejump2__
 .text.avr-libc.fplib
                0x000178e2        0x6 c:/winavr-20100110/bin/../lib/gcc/avr/4.3.3/../../../../avr/lib/avr6\libm.a(cos.o)
                0x000178e2                cos
 .text.avr-libc.fplib
                0x000178e8       0x50 c:/winavr-20100110/bin/../lib/gcc/avr/4.3.3/../../../../avr/lib/avr6\libm.a(fp_rempio2.o)
                0x000178ea                __fp_rempio2
 .text.avr-libc.fplib
                0x00017938       0x22 c:/winavr-20100110/bin/../lib/gcc/avr/4.3.3/../../../../avr/lib/avr6\libm.a(fp_sinus.o)
                0x00017938                __fp_sinus
 .text.avr-libc.fplib
                0x0001795a       0x44 c:/winavr-20100110/bin/../lib/gcc/avr/4.3.3/../../../../avr/lib/avr6\libm.a(fp_split3.o)
                0x0001795a                __fp_split3
                0x0001796a                __fp_splitA
 .text.avr-libc.fplib
                0x0001799e       0x40 c:/winavr-20100110/bin/../lib/gcc/avr/4.3.3/../../../../avr/lib/avr6\libm.a(round.o)
                0x0001799e                round
 .text.avr-libc.fplib
                0x000179de        0xc c:/winavr-20100110/bin/../lib/gcc/avr/4.3.3/../../../../avr/lib/avr6\libm.a(sin.o)
                0x000179de                sin
 .text.avr-libc.fplib
                0x000179ea       0x84 c:/winavr-20100110/bin/../lib/gcc/avr/4.3.3/../../../../avr/lib/avr6\libm.a(sqrt.o)
                0x000179f2                sqrt
 .text.avr-libc.fplib
                0x00017a6e       0xc0 c:/winavr-20100110/bin/../lib/gcc/avr/4.3.3/../../../../avr/lib/avr6\libm.a(addsf3x.o)
                0x00017a88                __addsf3x
 .text.avr-libc.fplib
                0x00017b2e        0xc c:/winavr-20100110/bin/../lib/gcc/avr/4.3.3/../../../../avr/lib/avr6\libm.a(fp_inf.o)
                0x00017b2e                __fp_inf
 .text.avr-libc.fplib
                0x00017b3a       0x36 c:/winavr-20100110/bin/../lib/gcc/avr/4.3.3/../../../../avr/lib/avr6\libm.a(fp_mintl.o)
                0x00017b3a                __fp_mintl
 .text.avr-libc.fplib
                0x00017b70       0x1c c:/winavr-20100110/bin/../lib/gcc/avr/4.3.3/../../../../avr/lib/avr6\libm.a(fp_mpack.o)
                0x00017b74                __fp_mpack_finite
                0x00017b70                __fp_mpack
 .text.avr-libc.fplib
                0x00017b8c        0x6 c:/winavr-20100110/bin/../lib/gcc/avr/4.3.3/../../../../avr/lib/avr6\libm.a(fp_nan.o)
                0x00017b8c                __fp_nan
 .text.avr-libc.fplib
                0x00017b92        0xe c:/winavr-20100110/bin/../lib/gcc/avr/4.3.3/../../../../avr/lib/avr6\libm.a(fp_norm2.o)
                0x00017b92                __fp_norm2
 .text.avr-libc.fplib
                0x00017ba0       0x22 c:/winavr-20100110/bin/../lib/gcc/avr/4.3.3/../../../../avr/lib/avr6\libm.a(fp_powsodd.o)
                0x00017ba0                __fp_powsodd
 .text.avr-libc.fplib
                0x00017bc2        0xe c:/winavr-20100110/bin/../lib/gcc/avr/4.3.3/../../../../avr/lib/avr6\libm.a(fp_pscA.o)
                0x00017bc2                __fp_pscA
 .text.avr-libc.fplib
                0x00017bd0        0xe c:/winavr-20100110/bin/../lib/gcc/avr/4.3.3/../../../../avr/lib/avr6\libm.a(fp_pscB.o)
                0x00017bd0                __fp_pscB
 .text.avr-libc.fplib
                0x00017bde       0x22 c:/winavr-20100110/bin/../lib/gcc/avr/4.3.3/../../../../avr/lib/avr6\libm.a(fp_round.o)
                0x00017bde                __fp_round
 .text.avr-libc.fplib
                0x00017c00        0xe c:/winavr-20100110/bin/../lib/gcc/avr/4.3.3/../../../../avr/lib/avr6\libm.a(fp_zero.o)
                0x00017c00                __fp_zero
                0x00017c02                __fp_szero
 .text.avr-libc.fplib
                0x00017c0e       0x4a c:/winavr-20100110/bin/../lib/gcc/avr/4.3.3/../../../../avr/lib/avr6\libm.a(fp_powser.o)
                0x00017c0e                __fp_powser
 .text.avr-libc.fplib
                0x00017c58       0xc2 c:/winavr-20100110/bin/../lib/gcc/avr/4.3.3/../../../../avr/lib/avr6\libm.a(mulsf3x.o)
                0x00017c70                __mulsf3_pse
                0x00017c6c                __mulsf3x
 .text.avr-libc
                0x00017d1a       0x42 c:/winavr-20100110/bin/../lib/gcc/avr/4.3.3/../../../../avr/lib/avr6\libc.a(dtostrf.o)
                0x00017d1a                dtostrf
 .text.avr-libc
                0x00017d5c      0x20a c:/winavr-20100110/bin/../lib/gcc/avr/4.3.3/../../../../avr/lib/avr6\libc.a(malloc.o)
                0x00017d5c                malloc
                0x00017eb6                free
 .text.avr-libc
                0x00017f66       0xd6 c:/winavr-20100110/bin/../lib/gcc/avr/4.3.3/../../../../avr/lib/avr6\libc.a(rand.o)
                0x00018016                rand_r
                0x0001801c                rand
                0x00018026                srand
 .text.avr-libc
                0x0001803c       0x10 c:/winavr-20100110/bin/../lib/gcc/avr/4.3.3/../../../../avr/lib/avr6\libc.a(toupper.o)
                0x0001803c                toupper
 .text.avr-libc
                0x0001804c        0xe c:/winavr-20100110/bin/../lib/gcc/avr/4.3.3/../../../../avr/lib/avr6\libc.a(strcpy_P.o)
                0x0001804c                strcpy_P
 .text.avr-libc
                0x0001805a       0x16 c:/winavr-20100110/bin/../lib/gcc/avr/4.3.3/../../../../avr/lib/avr6\libc.a(strcat.o)
                0x0001805a                strcat
 .text.avr-libc
                0x00018070       0x12 c:/winavr-20100110/bin/../lib/gcc/avr/4.3.3/../../../../avr/lib/avr6\libc.a(strcmp.o)
                0x00018070                strcmp
 .text.avr-libc
                0x00018082        0xe c:/winavr-20100110/bin/../lib/gcc/avr/4.3.3/../../../../avr/lib/avr6\libc.a(strcpy.o)
                0x00018082                strcpy
 .text.avr-libc
                0x00018090       0x1c c:/winavr-20100110/bin/../lib/gcc/avr/4.3.3/../../../../avr/lib/avr6\libc.a(strncmp.o)
                0x00018090                strncmp
 .text.avr-libc
                0x000180ac       0x1e c:/winavr-20100110/bin/../lib/gcc/avr/4.3.3/../../../../avr/lib/avr6\libc.a(strncpy.o)
                0x000180ac                strncpy
 .text.avr-libc
                0x000180ca       0x62 c:/winavr-20100110/bin/../lib/gcc/avr/4.3.3/../../../../avr/lib/avr6\libc.a(sprintf.o)
                0x000180ca                sprintf
 .text.avr-libc
                0x0001812c      0x40c c:/winavr-20100110/bin/../lib/gcc/avr/4.3.3/../../../../avr/lib/avr6\libc.a(vfprintf_std.o)
                0x0001812c                vfprintf
 .text.avr-libc
                0x00018538       0x20 c:/winavr-20100110/bin/../lib/gcc/avr/4.3.3/../../../../avr/lib/avr6\libc.a(eerd_block_atmega2560.o)
                0x0001853c                __eerd_blraw_m2560
                0x00018538                __eerd_block_m2560
 .text.avr-libc
                0x00018558       0x10 c:/winavr-20100110/bin/../lib/gcc/avr/4.3.3/../../../../avr/lib/avr6\libc.a(eerd_byte_atmega2560.o)
                0x00018558                __eerd_byte_m2560
 .text.avr-libc
                0x00018568        0xc c:/winavr-20100110/bin/../lib/gcc/avr/4.3.3/../../../../avr/lib/avr6\libc.a(eerd_word_atmega2560.o)
                0x00018568                __eerd_word_m2560
 .text.avr-libc
                0x00018574       0x14 c:/winavr-20100110/bin/../lib/gcc/avr/4.3.3/../../../../avr/lib/avr6\libc.a(eewr_block_atmega2560.o)
                0x00018574                __eewr_block_m2560
 .text.avr-libc
                0x00018588       0x1c c:/winavr-20100110/bin/../lib/gcc/avr/4.3.3/../../../../avr/lib/avr6\libc.a(eewr_byte_atmega2560.o)
                0x0001858a                __eewr_r18_m2560
                0x00018588                __eewr_byte_m2560
 .text.avr-libc
                0x000185a4        0xa c:/winavr-20100110/bin/../lib/gcc/avr/4.3.3/../../../../avr/lib/avr6\libc.a(eewr_word_atmega2560.o)
                0x000185a4                __eewr_word_m2560
 .text.avr-libc
                0x000185ae      0x304 c:/winavr-20100110/bin/../lib/gcc/avr/4.3.3/../../../../avr/lib/avr6\libc.a(dtoa_prf.o)
                0x000185ae                dtoa_prf
 .text.avr-libc
                0x000188b2      0x1b0 c:/winavr-20100110/bin/../lib/gcc/avr/4.3.3/../../../../avr/lib/avr6\libc.a(ftoa_engine.o)
                0x000188b2                __ftoa_engine
 .text.avr-libc
                0x00018a62       0x16 c:/winavr-20100110/bin/../lib/gcc/avr/4.3.3/../../../../avr/lib/avr6\libc.a(strnlen_P.o)
                0x00018a62                strnlen_P
 .text.avr-libc
                0x00018a78       0x16 c:/winavr-20100110/bin/../lib/gcc/avr/4.3.3/../../../../avr/lib/avr6\libc.a(strnlen.o)
                0x00018a78                strnlen
 .text.avr-libc
                0x00018a8e       0x58 c:/winavr-20100110/bin/../lib/gcc/avr/4.3.3/../../../../avr/lib/avr6\libc.a(fputc.o)
                0x00018a8e                fputc
 .text.avr-libc
                0x00018ae6       0xbc c:/winavr-20100110/bin/../lib/gcc/avr/4.3.3/../../../../avr/lib/avr6\libc.a(ultoa_invert.o)
                0x00018ae6                __ultoa_invert
                0x00018ba2                . = ALIGN (0x2)
 *(.fini9)
 .fini9         0x00018ba2        0x0 c:/winavr-20100110/bin/../lib/gcc/avr/4.3.3/avr6\libgcc.a(_exit.o)
                0x00018ba2                exit
                0x00018ba2                _exit
 *(.fini9)
 *(.fini8)
 *(.fini8)
 *(.fini7)
 *(.fini7)
 *(.fini6)
 *(.fini6)
 *(.fini5)
 *(.fini5)
 *(.fini4)
 *(.fini4)
 *(.fini3)
 *(.fini3)
 *(.fini2)
 *(.fini2)
 *(.fini1)
 *(.fini1)
 *(.fini0)
 .fini0         0x00018ba2        0x4 c:/winavr-20100110/bin/../lib/gcc/avr/4.3.3/avr6\libgcc.a(_exit.o)
 *(.fini0)
                0x00018ba6                _etext = .

.data           0x00800200      0x61a load address 0x00018ba6
                0x00800200                PROVIDE (__data_start, .)
 *(.data)
 .data          0x00800200        0x0 c:/winavr-20100110/bin/../lib/gcc/avr/4.3.3/../../../../avr/lib/avr6/crtm2560.o
 .data          0x00800200        0x0 ./utils/CPlusPlusUtilities.o
 .data          0x00800200        0x0 ./utils/Math.o
 .data          0x00800200        0x8 ./tetrominos/LBlock.o
                0x00800200                vtable for LBlock
 .data          0x00800208        0x8 ./tetrominos/LineBlock.o
                0x00800208                vtable for LineBlock
 .data          0x00800210        0x8 ./tetrominos/ReverseLBlock.o
                0x00800210                vtable for ReverseLBlock
 .data          0x00800218        0x8 ./tetrominos/ReverseSBlock.o
                0x00800218                vtable for ReverseSBlock
 .data          0x00800220        0x8 ./tetrominos/SBlock.o
                0x00800220                vtable for SBlock
 .data          0x00800228        0x8 ./tetrominos/Square.o
                0x00800228                vtable for Square
 .data          0x00800230        0x8 ./tetrominos/TBlock.o
                0x00800230                vtable for TBlock
 .data          0x00800238        0x8 ./tetrominos/Tetromino.o
                0x00800238                vtable for Tetromino
 .data          0x00800240       0x2c ./screens/GameOverScreen.o
                0x00800260                vtable for GameOverScreen
 .data          0x0080026c       0x51 ./screens/LandingScreen.o
                0x008002b1                vtable for LandingScreen
 .data          0x008002bd       0x57 ./screens/NameEntryScreen.o
                0x00800308                vtable for NameEntryScreen
 .data          0x00800314        0xc ./screens/PlayScreen.o
                0x00800314                vtable for PlayScreen
 .data          0x00800320        0xc ./screens/Screen.o
                0x00800320                vtable for Screen
 .data          0x0080032c       0xd7 ./lib/FlashFileSystem.o
                0x008003fd                textColor
                0x00800400                white
 .data          0x00800403        0x0 ./lib/HardwareSerial.o
 .data          0x00800403        0x0 ./lib/HersheyCyrillic.o
 .data          0x00800403       0xc1 ./lib/HersheyFonts.o
 .data          0x008004c4        0x0 ./lib/HersheyGothic.o
 .data          0x008004c4        0x0 ./lib/HersheyGreek.o
 .data          0x008004c4        0x0 ./lib/HersheyRowman.o
 .data          0x008004c4        0x0 ./lib/HersheyScript.o
 .data          0x008004c4        0x0 ./lib/HersheySymbols.o
 .data          0x008004c4        0x0 ./lib/HersheyTimes.o
 .data          0x008004c4        0xf ./lib/Keyboard.o
 .data          0x008004d3        0xc ./lib/Print.o
                0x008004d5                vtable for Print
 .data          0x008004df        0xe ./lib/SubPGraphics.o
                0x008004e8                gStrokeWeightVal
                0x008004e6                gHeight
                0x008004e4                gWidth
                0x008004df                fcolor
                0x008004e9                gStrokeEnb
                0x008004e2                gBrightness
                0x008004ea                gFillEnb
 .data          0x008004ed        0x0 ./lib/WRandom.o
 .data          0x008004ed       0x10 ./lib/bmp.o
 .data          0x008004fd        0x0 ./lib/calibrate.o
 .data          0x008004fd        0x0 ./lib/dataflash.o
 .data          0x008004fd        0x0 ./lib/font.o
 .data          0x008004fd        0x4 ./lib/graphics.o
                0x008004fd                screen
 .data          0x00800501       0x5a ./lib/image_interface.o
 .data          0x0080055b       0x5d ./lib/oled_slide.o
                0x0080055b                gGammaTable
 .data          0x008005b8        0x0 ./lib/oled_stealth.o
 .data          0x008005b8       0x51 ./lib/startup.o
 .data          0x00800609       0x85 ./lib/touchscreen.o
 .data          0x0080068e        0x0 ./lib/usart.o
 .data          0x0080068e        0x0 ./lib/wiring.o
 .data          0x0080068e        0x1 ./lib/wiring_analog.o
                0x0080068e                analog_reference
 .data          0x0080068f        0x0 ./lib/wiring_digital.o
 .data          0x0080068f        0x0 ./lib/wiring_serial.o
 .data          0x0080068f        0x0 ./layout/blocks/BlockDrawingFunctions.o
 .data          0x0080068f        0x8 ./layout/blocks/GridBlock.o
                0x0080068f                vtable for GridBlock
 .data          0x00800697       0x12 ./layout/BackgroundDrawingFunctions.o
 .data          0x008006a9        0x8 ./layout/Grid.o
                0x008006a9                vtable for Grid
 .data          0x008006b1        0x8 ./data/HiScores.o
                0x008006b1                vtable for HiScores
 .data          0x008006b9        0x8 ./controls/keyboard/NameEntryBox.o
                0x008006b9                vtable for NameEntryBox
 .data          0x008006c1        0x8 ./controls/keyboard/OnScreenKey.o
                0x008006c1                vtable for OnScreenKey
 .data          0x008006c9        0x8 ./controls/keyboard/OnScreenKeyboard.o
                0x008006c9                vtable for OnScreenKeyboard
 .data          0x008006d1        0x8 ./controls/InputShield.o
                0x008006d1                vtable for InputShield
 .data          0x008006d9        0x8 ./controller/GridMaster.o
                0x008006d9                vtable for GridMaster
 .data          0x008006e1        0x8 ./controller/StatsMaster.o
                0x008006e1                vtable for StatsMaster
 .data          0x008006e9        0x8 ./controller/TetrominoGenerator.o
                0x008006e9                vtable for TetrominoGenerator
 .data          0x008006f1       0x17 ./Tetris.o
 .data          0x00800708        0x0 c:/winavr-20100110/bin/../lib/gcc/avr/4.3.3/avr6\libgcc.a(_mulsi3.o)
 .data          0x00800708        0x0 c:/winavr-20100110/bin/../lib/gcc/avr/4.3.3/avr6\libgcc.a(_udivmodqi4.o)
 .data          0x00800708        0x0 c:/winavr-20100110/bin/../lib/gcc/avr/4.3.3/avr6\libgcc.a(_udivmodhi4.o)
 .data          0x00800708        0x0 c:/winavr-20100110/bin/../lib/gcc/avr/4.3.3/avr6\libgcc.a(_divmodhi4.o)
 .data          0x00800708        0x0 c:/winavr-20100110/bin/../lib/gcc/avr/4.3.3/avr6\libgcc.a(_udivmodsi4.o)
 .data          0x00800708        0x0 c:/winavr-20100110/bin/../lib/gcc/avr/4.3.3/avr6\libgcc.a(_divmodsi4.o)
 .data          0x00800708        0x0 c:/winavr-20100110/bin/../lib/gcc/avr/4.3.3/avr6\libgcc.a(_exit.o)
 .data          0x00800708        0x0 c:/winavr-20100110/bin/../lib/gcc/avr/4.3.3/avr6\libgcc.a(_clear_bss.o)
 .data          0x00800708        0x0 c:/winavr-20100110/bin/../lib/gcc/avr/4.3.3/avr6\libgcc.a(_ctors.o)
 .data          0x00800708        0x0 c:/winavr-20100110/bin/../lib/gcc/avr/4.3.3/avr6\libgcc.a(_fixunssfsi.o)
 .data          0x00800708        0x0 c:/winavr-20100110/bin/../lib/gcc/avr/4.3.3/avr6\libgcc.a(_addsub_sf.o)
 .data          0x00800708        0x0 c:/winavr-20100110/bin/../lib/gcc/avr/4.3.3/avr6\libgcc.a(_mul_sf.o)
 .data          0x00800708        0x0 c:/winavr-20100110/bin/../lib/gcc/avr/4.3.3/avr6\libgcc.a(_div_sf.o)
 .data          0x00800708        0x0 c:/winavr-20100110/bin/../lib/gcc/avr/4.3.3/avr6\libgcc.a(_ge_sf.o)
 .data          0x00800708        0x0 c:/winavr-20100110/bin/../lib/gcc/avr/4.3.3/avr6\libgcc.a(_lt_sf.o)
 .data          0x00800708        0x0 c:/winavr-20100110/bin/../lib/gcc/avr/4.3.3/avr6\libgcc.a(_le_sf.o)
 .data          0x00800708        0x0 c:/winavr-20100110/bin/../lib/gcc/avr/4.3.3/avr6\libgcc.a(_si_to_sf.o)
 .data          0x00800708        0x0 c:/winavr-20100110/bin/../lib/gcc/avr/4.3.3/avr6\libgcc.a(_sf_to_si.o)
 .data          0x00800708        0x8 c:/winavr-20100110/bin/../lib/gcc/avr/4.3.3/avr6\libgcc.a(_thenan_sf.o)
                0x00800708                __thenan_sf
 .data          0x00800710        0x0 c:/winavr-20100110/bin/../lib/gcc/avr/4.3.3/avr6\libgcc.a(_usi_to_sf.o)
 .data          0x00800710        0x0 c:/winavr-20100110/bin/../lib/gcc/avr/4.3.3/avr6\libgcc.a(_prologue.o)
 .data          0x00800710        0x0 c:/winavr-20100110/bin/../lib/gcc/avr/4.3.3/avr6\libgcc.a(_epilogue.o)
 .data          0x00800710        0x0 c:/winavr-20100110/bin/../lib/gcc/avr/4.3.3/avr6\libgcc.a(_tablejump.o)
 .data          0x00800710        0x0 c:/winavr-20100110/bin/../lib/gcc/avr/4.3.3/avr6\libgcc.a(_clzsi2.o)
 .data          0x00800710        0x0 c:/winavr-20100110/bin/../lib/gcc/avr/4.3.3/avr6\libgcc.a(_pack_sf.o)
 .data          0x00800710        0x0 c:/winavr-20100110/bin/../lib/gcc/avr/4.3.3/avr6\libgcc.a(_unpack_sf.o)
 .data          0x00800710        0x0 c:/winavr-20100110/bin/../lib/gcc/avr/4.3.3/avr6\libgcc.a(_fpcmp_parts_sf.o)
 .data          0x00800710      0x100 c:/winavr-20100110/bin/../lib/gcc/avr/4.3.3/avr6\libgcc.a(_clz.o)
                0x00800710                __clz_tab
 .data          0x00800810        0x0 c:/winavr-20100110/bin/../lib/gcc/avr/4.3.3/../../../../avr/lib/avr6\libm.a(cos.o)
 .data          0x00800810        0x0 c:/winavr-20100110/bin/../lib/gcc/avr/4.3.3/../../../../avr/lib/avr6\libm.a(fp_rempio2.o)
 .data          0x00800810        0x0 c:/winavr-20100110/bin/../lib/gcc/avr/4.3.3/../../../../avr/lib/avr6\libm.a(fp_sinus.o)
 .data          0x00800810        0x0 c:/winavr-20100110/bin/../lib/gcc/avr/4.3.3/../../../../avr/lib/avr6\libm.a(fp_split3.o)
 .data          0x00800810        0x0 c:/winavr-20100110/bin/../lib/gcc/avr/4.3.3/../../../../avr/lib/avr6\libm.a(round.o)
 .data          0x00800810        0x0 c:/winavr-20100110/bin/../lib/gcc/avr/4.3.3/../../../../avr/lib/avr6\libm.a(sin.o)
 .data          0x00800810        0x0 c:/winavr-20100110/bin/../lib/gcc/avr/4.3.3/../../../../avr/lib/avr6\libm.a(sqrt.o)
 .data          0x00800810        0x0 c:/winavr-20100110/bin/../lib/gcc/avr/4.3.3/../../../../avr/lib/avr6\libm.a(addsf3x.o)
 .data          0x00800810        0x0 c:/winavr-20100110/bin/../lib/gcc/avr/4.3.3/../../../../avr/lib/avr6\libm.a(fp_inf.o)
 .data          0x00800810        0x0 c:/winavr-20100110/bin/../lib/gcc/avr/4.3.3/../../../../avr/lib/avr6\libm.a(fp_mintl.o)
 .data          0x00800810        0x0 c:/winavr-20100110/bin/../lib/gcc/avr/4.3.3/../../../../avr/lib/avr6\libm.a(fp_mpack.o)
 .data          0x00800810        0x0 c:/winavr-20100110/bin/../lib/gcc/avr/4.3.3/../../../../avr/lib/avr6\libm.a(fp_nan.o)
 .data          0x00800810        0x0 c:/winavr-20100110/bin/../lib/gcc/avr/4.3.3/../../../../avr/lib/avr6\libm.a(fp_norm2.o)
 .data          0x00800810        0x0 c:/winavr-20100110/bin/../lib/gcc/avr/4.3.3/../../../../avr/lib/avr6\libm.a(fp_powsodd.o)
 .data          0x00800810        0x0 c:/winavr-20100110/bin/../lib/gcc/avr/4.3.3/../../../../avr/lib/avr6\libm.a(fp_pscA.o)
 .data          0x00800810        0x0 c:/winavr-20100110/bin/../lib/gcc/avr/4.3.3/../../../../avr/lib/avr6\libm.a(fp_pscB.o)
 .data          0x00800810        0x0 c:/winavr-20100110/bin/../lib/gcc/avr/4.3.3/../../../../avr/lib/avr6\libm.a(fp_round.o)
 .data          0x00800810        0x0 c:/winavr-20100110/bin/../lib/gcc/avr/4.3.3/../../../../avr/lib/avr6\libm.a(fp_zero.o)
 .data          0x00800810        0x0 c:/winavr-20100110/bin/../lib/gcc/avr/4.3.3/../../../../avr/lib/avr6\libm.a(fp_powser.o)
 .data          0x00800810        0x0 c:/winavr-20100110/bin/../lib/gcc/avr/4.3.3/../../../../avr/lib/avr6\libm.a(mulsf3x.o)
 .data          0x00800810        0x0 c:/winavr-20100110/bin/../lib/gcc/avr/4.3.3/../../../../avr/lib/avr6\libc.a(dtostrf.o)
 .data          0x00800810        0x6 c:/winavr-20100110/bin/../lib/gcc/avr/4.3.3/../../../../avr/lib/avr6\libc.a(malloc.o)
                0x00800812                __malloc_heap_start
                0x00800814                __malloc_heap_end
                0x00800810                __malloc_margin
 .data          0x00800816        0x4 c:/winavr-20100110/bin/../lib/gcc/avr/4.3.3/../../../../avr/lib/avr6\libc.a(rand.o)
 .data          0x0080081a        0x0 c:/winavr-20100110/bin/../lib/gcc/avr/4.3.3/../../../../avr/lib/avr6\libc.a(toupper.o)
 .data          0x0080081a        0x0 c:/winavr-20100110/bin/../lib/gcc/avr/4.3.3/../../../../avr/lib/avr6\libc.a(strcpy_P.o)
 .data          0x0080081a        0x0 c:/winavr-20100110/bin/../lib/gcc/avr/4.3.3/../../../../avr/lib/avr6\libc.a(strcat.o)
 .data          0x0080081a        0x0 c:/winavr-20100110/bin/../lib/gcc/avr/4.3.3/../../../../avr/lib/avr6\libc.a(strcmp.o)
 .data          0x0080081a        0x0 c:/winavr-20100110/bin/../lib/gcc/avr/4.3.3/../../../../avr/lib/avr6\libc.a(strcpy.o)